8203  17:40:19.355367 execve("/usr/bin/qemu-x86_64", ["qemu-x86_64", "-L", "/usr/x86_64-linux-gnu/", "/home/jie-min/Downloads/52fc723f7e0c4202c97ac5bc2add2d1d3daa5c3f84f3d459a6a005a3ae380119.elf"], 0xffffe81d24c8 /* 20 vars */) = 0 <0.000424>
8203  17:40:19.358381 brk(NULL)         = 0xaaaacb677000 <0.000003>
8203  17:40:19.358399 brk(0xaaaacb677c80) = 0xaaaacb677c80 <0.000003>
8203  17:40:19.358410 set_tid_address(0xaaaacb677448) = 8203 <0.000002>
8203  17:40:19.358655 set_robust_list(0xaaaacb677100, 24) = 0 <0.000002>
8203  17:40:19.358662 rseq(0xaaaacb677900, 0x21, 0, 0xd428bc00) = 0 <0.000002>
8203  17:40:19.359248 prlimit64(0, RLIMIT_STACK, NULL, {rlim_cur=8192*1024, rlim_max=RLIM64_INFINITY}) = 0 <0.000002>
8203  17:40:19.359267 getrandom("\xbf\x86\xb5\x64\x31\x47\xca\x4d", 8, GRND_NONBLOCK) = 8 <0.000002>
8203  17:40:19.359341 readlinkat(AT_FDCWD, "/proc/self/exe", "/usr/bin/qemu-x86_64", 4096) = 20 <0.000013>
8203  17:40:19.359885 brk(NULL)         = 0xaaaacb677c80 <0.000002>
8203  17:40:19.359893 brk(0xaaaacb800000) = 0xaaaacb800000 <0.000004>
8203  17:40:19.360106 mprotect(0xe7e68242b000, 151552, PROT_READ) = 0 <0.000006>
8203  17:40:19.360585 rt_sigprocmask(SIG_SETMASK, ~[ILL FPE SEGV RTMIN RT_1], [], 8) = 0 <0.000002>
8203  17:40:19.360597 rt_sigaction(SIGRT_1, {sa_handler=0xe7e6822c1860, sa_mask=[], sa_flags=SA_ONSTACK|SA_RESTART|SA_SIGINFO}, NULL, 8) = 0 <0.000002>
8203  17:40:19.360606 rt_sigprocmask(SIG_UNBLOCK, [RTMIN RT_1], NULL, 8) = 0 <0.000002>
8203  17:40:19.360614 mmap(NULL, 8454144, PROT_READ|PROT_WRITE, MAP_PRIVATE|MAP_ANONYMOUS|MAP_STACK, -1, 0) = 0xe7e6817f0000 <0.000004>
8203  17:40:19.360624 madvise(0xe7e6817f0000, 65536, MADV_GUARD_INSTALL) = 0 <0.000004>
8203  17:40:19.360639 rt_sigprocmask(SIG_BLOCK, ~[], ~[ILL FPE KILL SEGV STOP RTMIN RT_1], 8) = 0 <0.000002>
8203  17:40:19.360647 clone3({flags=CLONE_VM|CLONE_FS|CLONE_FILES|CLONE_SIGHAND|CLONE_THREAD|CLONE_SYSVSEM|CLONE_SETTLS|CLONE_PARENT_SETTID|CLONE_CHILD_CLEARTID, child_tid=0xe7e681fff7c8, parent_tid=0xe7e681fff470, exit_signal=0, stack=0xe7e6817f0000, stack_size=0x80ec80, tls=0xe7e681fffac0} => {parent_tid=[8204]}, 88) = 8204 <0.000064>
8203  17:40:19.360721 rt_sigprocmask(SIG_SETMASK, ~[ILL FPE KILL SEGV STOP RTMIN RT_1], NULL, 8) = 0 <0.000002>
8203  17:40:19.360729 rt_sigprocmask(SIG_SETMASK, [], NULL, 8) = 0 <0.000001>
8204  17:40:19.360896 rseq(0xe7e681fffc80, 0x21, 0, 0xd428bc00) = 0 <0.000003>
8204  17:40:19.360910 set_robust_list(0xe7e681fff480, 24) = 0 <0.000002>
8204  17:40:19.360918 rt_sigprocmask(SIG_SETMASK, ~[ILL FPE KILL SEGV STOP RTMIN RT_1], NULL, 8) = 0 <0.000002>
8204  17:40:19.360929 mmap(NULL, 134217728, PROT_NONE, MAP_PRIVATE|MAP_ANONYMOUS, -1, 0) = 0xe7e679600000 <0.000005>
8204  17:40:19.360940 munmap(0xe7e679600000, 44040192) = 0 <0.000004>
8204  17:40:19.360950 munmap(0xe7e680000000, 23068672) = 0 <0.000003>
8204  17:40:19.360958 mprotect(0xe7e67c000000, 2097152, PROT_READ|PROT_WRITE) = 0 <0.000002>
8204  17:40:19.360965 madvise(0xe7e67c000000, 2097152, MADV_HUGEPAGE) = 0 <0.000002>
8204  17:40:19.361267 futex(0xe7e6824a80a0, FUTEX_WAIT, 4294967295, NULL <unfinished ...>
8203  17:40:19.363395 prlimit64(0, RLIMIT_STACK, NULL, {rlim_cur=8192*1024, rlim_max=RLIM64_INFINITY}) = 0 <0.000002>
8203  17:40:19.363408 uname({sysname="Linux", nodename="jie-min-VMware20-1", ...}) = 0 <0.000002>
8203  17:40:19.363417 openat(AT_FDCWD, "/home/jie-min/Downloads/52fc723f7e0c4202c97ac5bc2add2d1d3daa5c3f84f3d459a6a005a3ae380119.elf", O_RDONLY) = 3 <0.000005>
8203  17:40:19.363429 readlinkat(AT_FDCWD, "/home", 0xffffd27dd940, 1023) = -1 EINVAL (Invalid argument) <0.000002>
8203  17:40:19.363458 readlinkat(AT_FDCWD, "/home/jie-min", 0xffffd27dd940, 1023) = -1 EINVAL (Invalid argument) <0.000002>
8203  17:40:19.363466 readlinkat(AT_FDCWD, "/home/jie-min/Downloads", 0xffffd27dd940, 1023) = -1 EINVAL (Invalid argument) <0.000002>
8203  17:40:19.363474 readlinkat(AT_FDCWD, "/home/jie-min/Downloads/52fc723f7e0c4202c97ac5bc2add2d1d3daa5c3f84f3d459a6a005a3ae380119.elf", 0xffffd27dd940, 1023) = -1 EINVAL (Invalid argument) <0.000002>
8203  17:40:19.363482 lseek(3, 0, SEEK_SET) = 0 <0.000002>
8203  17:40:19.363492 read(3, "\177ELF\2\1\1\0\0\0\0\0\0\0\0\0\3\0>\0\1\0\0\0\200\22\0\0\0\0\0\0@\0\0\0\0\0\0\0\3709\0\0\0\0\0\0\0\0\0\0@\08\0\r\0@\0\37\0\36\0", 64) = 64 <0.000002>
8203  17:40:19.363501 lseek(3, 0, SEEK_SET) = 0 <0.000001>
8203  17:40:19.364218 sysinfo({uptime=1094, loads=[21888, 24640, 16480], totalram=5645959168, freeram=462098432, sharedram=113946624, bufferram=25698304, totalswap=3239047168, freeswap=3238416384, procs=1008, totalhigh=0, freehigh=0, mem_unit=1}) = 0 <0.000005>
8203  17:40:19.364244 mmap(NULL, 134217728, PROT_NONE, MAP_PRIVATE|MAP_ANONYMOUS, -1, 0) = 0xe7e674000000 <0.000003>
8203  17:40:19.364253 madvise(0xe7e674000000, 134217728, MADV_HUGEPAGE) = 0 <0.000002>
8203  17:40:19.364260 mprotect(0xe7e674000000, 134213632, PROT_READ|PROT_WRITE|PROT_EXEC) = 0 <0.000003>
8203  17:40:19.364589 getrandom(NULL, 0, 0) = 0 <0.000002>
8203  17:40:19.364598 openat(AT_FDCWD, "/proc/sys/vm/mmap_min_addr", O_RDONLY) = 4 <0.000006>
8203  17:40:19.364611 fstat(4, {st_mode=S_IFREG|0644, st_size=0, ...}) = 0 <0.000002>
8203  17:40:19.364620 read(4, "32768\n", 1024) = 6 <0.000005>
8203  17:40:19.364638 lseek(4, 0, SEEK_CUR) = 6 <0.000002>
8203  17:40:19.364644 lseek(4, 5, SEEK_SET) = 5 <0.000001>
8203  17:40:19.364650 close(4)          = 0 <0.000002>
8203  17:40:19.364664 gettid()          = 8203 <0.000002>
8203  17:40:19.364670 fstat(3, {st_mode=S_IFREG|0755, st_size=16824, ...}) = 0 <0.000002>
8203  17:40:19.364678 geteuid()         = 0 <0.000001>
8203  17:40:19.364684 getegid()         = 0 <0.000001>
8203  17:40:19.364690 read(3, "\177ELF\2\1\1\0\0\0\0\0\0\0\0\0\3\0>\0\1\0\0\0\200\22\0\0\0\0\0\0@\0\0\0\0\0\0\0\3709\0\0\0\0\0\0\0\0\0\0@\08\0\r\0@\0\37\0\36\0\6\0\0\0\4\0\0\0@\0\0\0\0\0\0\0@\0\0\0\0\0\0\0@\0\0\0\0\0\0\0\330\2\0\0\0\0\0\0\330\2\0\0\0\0\0\0\10\0\0\0\0\0\0\0\3\0\0\0\4\0\0\0\30\3\0\0\0\0\0\0\30\3\0\0\0\0\0\0\30\3\0\0\0\0\0\0\34\0\0\0\0\0\0\0\34\0\0\0\0\0\0\0\1\0\0\0\0\0\0\0\1\0\0\0\4\0\0\0\0\0\0\0\0\0\0\0\0\0\0\0\0\0\0\0\0\0\0\0\0\0\0\0`\n\0\0\0\0\0\0`\n\0\0\0\0\0\0\0\20\0\0\0\0\0\0\1\0\0\0\5\0\0\0\0\20\0\0\0\0\0\0\0\20\0\0\0\0\0\0"..., 1024) = 1024 <0.000002>
8203  17:40:19.364700 mmap(0x555555556000, 20480, PROT_NONE, MAP_PRIVATE|MAP_ANONYMOUS|MAP_NORESERVE, -1, 0) = 0x555555556000 <0.000003>
8203  17:40:19.364708 mmap(0x555555556000, 4096, PROT_READ, MAP_PRIVATE|MAP_FIXED, 3, 0) = 0x555555556000 <0.000004>
8203  17:40:19.364717 mmap(0x555555557000, 4096, PROT_READ, MAP_PRIVATE|MAP_FIXED, 3, 0x1000) = 0x555555557000 <0.000003>
8203  17:40:19.364726 mmap(0x555555558000, 4096, PROT_READ, MAP_PRIVATE|MAP_FIXED, 3, 0x2000) = 0x555555558000 <0.000003>
8203  17:40:19.364734 mmap(0x555555559000, 8192, PROT_READ|PROT_WRITE, MAP_PRIVATE|MAP_FIXED, 3, 0x2000) = 0x555555559000 <0.000003>
8203  17:40:19.364745 pread64(3, "\0\0\0\0\0\0\0\0\0\0\0\0\0\0\0\0\0\0\0\0\0\0\0\0\0\0\0\0\0\0\0\0\0\0\0\0\0\0\0\0\0\0\0\0\0\0\0\0\0\0\0\0\0\0\0\0\0\0\0\0\0\0\0\0\33\0\0\0\1\0\0\0\2\0\0\0\0\0\0\0\30\3\0\0\0\0\0\0\30\3\0\0\0\0\0\0\34\0\0\0\0\0\0\0\0\0\0\0\0\0\0\0\1\0\0\0\0\0\0\0\0\0\0\0\0\0\0\0#\0\0\0\7\0\0\0\2\0\0\0\0\0\0\08\3\0\0\0\0\0\08\3\0\0\0\0\0\0000\0\0\0\0\0\0\0\0\0\0\0\0\0\0\0\10\0\0\0\0\0\0\0\0\0\0\0\0\0\0\0006\0\0\0\7\0\0\0\2\0\0\0\0\0\0\0h\3\0\0\0\0\0\0h\3\0\0\0\0\0\0$\0\0\0\0\0\0\0\0\0\0\0\0\0\0\0\4\0\0\0\0\0\0\0\0\0\0\0\0\0\0\0"..., 1984, 14840) = 1984 <0.000002>
8203  17:40:19.364755 pread64(3, "\0Scrt1.o\0__abi_tag\0crtstuff.c\0deregister_tm_clones\0__do_global_dtors_aux\0completed.0\0__do_global_dtors_aux_fini_array_entry\0frame_dummy\0__frame_dummy_init_array_entry\0ransomware.c\0__FRAME_END__\0_DYNAMIC\0__GNU_EH_FRAME_HDR\0_GLOBAL_OFFSET_TABLE_\0free@GLIBC_2"..., 855, 13696) = 855 <0.000002>
8203  17:40:19.364762 pread64(3, "\0\0\0\0\0\0\0\0\0\0\0\0\0\0\0\0\0\0\0\0\0\0\0\0\1\0\0\0\4\0\361\377\0\0\0\0\0\0\0\0\0\0\0\0\0\0\0\0\t\0\0\0\1\0\4\0\214\3\0\0\0\0\0\0 \0\0\0\0\0\0\0\23\0\0\0\4\0\361\377\0\0\0\0\0\0\0\0\0\0\0\0\0\0\0\0\36\0\0\0\2\0\20\0\260\22\0\0\0\0\0\0\0\0\0\0\0\0\0\0 \0\0\0\2\0\20\0\340\22\0\0\0\0\0\0\0\0\0\0\0\0\0\0003\0\0\0\2\0\20\0 \23\0\0\0\0\0\0\0\0\0\0\0\0\0\0I\0\0\0\1\0\32\0(@\0\0\0\0\0\0\1\0\0\0\0\0\0\0U\0\0\0\1\0\26\08=\0\0\0\0\0\0\0\0\0\0\0\0\0\0|\0\0\0\2\0\20\0`\23\0\0\0\0\0\0\0\0\0\0\0\0\0\0\210\0\0\0\1\0\25\0000=\0\0\0\0\0\0"..., 1344, 12352) = 1344 <0.000002>
8203  17:40:19.364776 close(3)          = 0 <0.000002>
8203  17:40:19.364783 mmap(NULL, 8392704, PROT_READ|PROT_WRITE, MAP_PRIVATE|MAP_ANONYMOUS, -1, 0) = 0xe7e680fef000 <0.000003>
8203  17:40:19.364791 mprotect(0xe7e680fef000, 4096, PROT_NONE) = 0 <0.000004>
8203  17:40:19.364804 faccessat(AT_FDCWD, "/usr/x86_64-linux-gnu/lib64/ld-linux-x86-64.so.2", F_OK) = 0 <0.000846>
8203  17:40:19.365659 openat(AT_FDCWD, "/usr/x86_64-linux-gnu/lib64/ld-linux-x86-64.so.2", O_RDONLY) = 3 <0.000003>
8203  17:40:19.365668 read(3, "\177ELF\2\1\1\3\0\0\0\0\0\0\0\0\3\0>\0\1\0\0\0\3003\2\0\0\0\0\0@\0\0\0\0\0\0\0X\331\3\0\0\0\0\0\0\0\0\0@\08\0\v\0@\0\26\0\25\0\1\0\0\0\4\0\0\0\0\0\0\0\0\0\0\0\0\0\0\0\0\0\0\0\0\0\0\0\0\0\0\0@\r\0\0\0\0\0\0@\r\0\0\0\0\0\0\0\20\0\0\0\0\0\0\1\0\0\0\5\0\0\0\0\20\0\0\0\0\0\0\0\20\0\0\0\0\0\0\0\20\0\0\0\0\0\0005\342\2\0\0\0\0\0005\342\2\0\0\0\0\0\0\20\0\0\0\0\0\0\1\0\0\0\4\0\0\0\0\0\3\0\0\0\0\0\0\0\3\0\0\0\0\0\0\0\3\0\0\0\0\0(\247\0\0\0\0\0\0(\247\0\0\0\0\0\0\0\20\0\0\0\0\0\0\1\0\0\0\6\0\0\0\240\265\3\0\0\0\0\0\240\265\3\0\0\0\0\0"..., 1024) = 1024 <0.000924>
8203  17:40:19.366601 mmap(NULL, 258048, PROT_NONE, MAP_PRIVATE|MAP_ANONYMOUS|MAP_NORESERVE, -1, 0) = 0xe7e682553000 <0.000003>
8203  17:40:19.366609 mmap(0xe7e682553000, 4096, PROT_READ, MAP_PRIVATE|MAP_FIXED, 3, 0) = 0xe7e682553000 <0.000004>
8203  17:40:19.366619 mmap(0xe7e682554000, 192512, PROT_READ, MAP_PRIVATE|MAP_FIXED, 3, 0x1000) = 0xe7e682554000 <0.000003>
8203  17:40:19.366627 mmap(0xe7e682583000, 45056, PROT_READ, MAP_PRIVATE|MAP_FIXED, 3, 0x30000) = 0xe7e682583000 <0.000002>
8203  17:40:19.366635 mmap(0xe7e68258e000, 12288, PROT_READ|PROT_WRITE, MAP_PRIVATE|MAP_FIXED, 3, 0x3b000) = 0xe7e68258e000 <0.000002>
8203  17:40:19.366850 mmap(0xe7e682591000, 4096, PROT_READ|PROT_WRITE, MAP_PRIVATE|MAP_FIXED|MAP_ANONYMOUS, -1, 0) = 0xe7e682591000 <0.000003>
8203  17:40:19.366859 pread64(3, "\0\0\0\0\0\0\0\0\0\0\0\0\0\0\0\0\0\0\0\0\0\0\0\0\0\0\0\0\0\0\0\0\0\0\0\0\0\0\0\0\0\0\0\0\0\0\0\0\0\0\0\0\0\0\0\0\0\0\0\0\0\0\0\0\v\0\0\0\7\0\0\0\2\0\0\0\0\0\0\0\250\2\0\0\0\0\0\0\250\2\0\0\0\0\0\0$\0\0\0\0\0\0\0\0\0\0\0\0\0\0\0\4\0\0\0\0\0\0\0\0\0\0\0\0\0\0\0\"\0\0\0\5\0\0\0\2\0\0\0\0\0\0\0\320\2\0\0\0\0\0\0\320\2\0\0\0\0\0\08\1\0\0\0\0\0\0\4\0\0\0\0\0\0\0\10\0\0\0\0\0\0\0\4\0\0\0\0\0\0\0\36\0\0\0\366\377\377o\2\0\0\0\0\0\0\0\10\4\0\0\0\0\0\0\10\4\0\0\0\0\0\0\\\1\0\0\0\0\0\0\4\0\0\0\0\0\0\0\10\0\0\0\0\0\0\0\0\0\0\0\0\0\0\0"..., 1408, 252248) = 1408 <0.000002>
8203  17:40:19.366867 close(3)          = 0 <0.000002>
8203  17:40:19.366874 mmap(NULL, 4096, PROT_NONE, MAP_PRIVATE|MAP_ANONYMOUS|MAP_NORESERVE, -1, 0) = 0xe7e682552000 <0.000002>
8203  17:40:19.366881 mmap(0xe7e682552000, 4096, PROT_READ|PROT_WRITE, MAP_PRIVATE|MAP_FIXED|MAP_ANONYMOUS, -1, 0) = 0xe7e682552000 <0.000002>
8203  17:40:19.366890 mprotect(0xe7e682552000, 4096, PROT_READ|PROT_WRITE) = 0 <0.000002>
8203  17:40:19.366897 close(-1)         = -1 EBADF (Bad file descriptor) <0.000001>
8203  17:40:19.366904 mprotect(0xe7e682552000, 4096, PROT_READ) = 0 <0.000002>
8203  17:40:19.366911 getrandom("\x65\xa6\x88\x5c\x93\x6f\x48\x1c\x64\x05\x57\x93\xb0\xa5\x4c\x27", 16, 0) = 16 <0.000002>
8203  17:40:19.366919 getuid()          = 0 <0.000001>
8203  17:40:19.366924 geteuid()         = 0 <0.000001>
8203  17:40:19.366930 getgid()          = 0 <0.000001>
8203  17:40:19.366936 getegid()         = 0 <0.000001>
8203  17:40:19.367180 rt_sigprocmask(SIG_BLOCK, NULL, [], 8) = 0 <0.000002>
8203  17:40:19.367188 rt_sigaction(SIGHUP, NULL, {sa_handler=SIG_DFL, sa_mask=[], sa_flags=0}, 8) = 0 <0.000001>
8203  17:40:19.367195 rt_sigaction(SIGINT, NULL, {sa_handler=SIG_IGN, sa_mask=[], sa_flags=0}, 8) = 0 <0.000002>
8203  17:40:19.367202 rt_sigaction(SIGQUIT, {sa_handler=0xe7e682130e60, sa_mask=~[RTMIN RT_1], sa_flags=SA_SIGINFO}, {sa_handler=SIG_IGN, sa_mask=[], sa_flags=0}, 8) = 0 <0.000001>
8203  17:40:19.367211 rt_sigaction(SIGILL, {sa_handler=0xe7e682130e60, sa_mask=~[RTMIN RT_1], sa_flags=SA_SIGINFO}, {sa_handler=SIG_DFL, sa_mask=[], sa_flags=0}, 8) = 0 <0.000001>
8203  17:40:19.367219 rt_sigaction(SIGTRAP, {sa_handler=0xe7e682130e60, sa_mask=~[RTMIN RT_1], sa_flags=SA_SIGINFO}, {sa_handler=SIG_DFL, sa_mask=[], sa_flags=0}, 8) = 0 <0.000009>
8203  17:40:19.367237 rt_sigprocmask(SIG_BLOCK, ~[], [], 8) = 0 <0.000002>
8203  17:40:19.367245 rt_sigaction(SIGABRT, NULL, {sa_handler=SIG_DFL, sa_mask=[], sa_flags=0}, 8) = 0 <0.000001>
8203  17:40:19.367252 rt_sigprocmask(SIG_SETMASK, [], NULL, 8) = 0 <0.000001>
8203  17:40:19.367259 rt_sigaction(SIGRT_3, {sa_handler=0xe7e682130e60, sa_mask=~[RTMIN RT_1], sa_flags=SA_SIGINFO}, NULL, 8) = 0 <0.000002>
8203  17:40:19.367266 rt_sigaction(SIGBUS, {sa_handler=0xe7e682130e60, sa_mask=~[RTMIN RT_1], sa_flags=SA_SIGINFO}, {sa_handler=SIG_DFL, sa_mask=[], sa_flags=0}, 8) = 0 <0.000001>
8203  17:40:19.367273 rt_sigaction(SIGFPE, {sa_handler=0xe7e682130e60, sa_mask=~[RTMIN RT_1], sa_flags=SA_SIGINFO}, {sa_handler=SIG_DFL, sa_mask=[], sa_flags=0}, 8) = 0 <0.000001>
8203  17:40:19.367281 rt_sigaction(SIGKILL, NULL, {sa_handler=SIG_DFL, sa_mask=[], sa_flags=0}, 8) = 0 <0.000001>
8203  17:40:19.367287 rt_sigaction(SIGUSR1, NULL, {sa_handler=SIG_DFL, sa_mask=[], sa_flags=0}, 8) = 0 <0.000001>
8203  17:40:19.367294 rt_sigaction(SIGSEGV, {sa_handler=0xe7e682130e60, sa_mask=~[RTMIN RT_1], sa_flags=SA_SIGINFO}, {sa_handler=SIG_DFL, sa_mask=[], sa_flags=0}, 8) = 0 <0.000001>
8203  17:40:19.367301 rt_sigaction(SIGUSR2, NULL, {sa_handler=SIG_DFL, sa_mask=[], sa_flags=0}, 8) = 0 <0.000001>
8203  17:40:19.367307 rt_sigaction(SIGPIPE, NULL, {sa_handler=SIG_DFL, sa_mask=[], sa_flags=0}, 8) = 0 <0.000001>
8203  17:40:19.367314 rt_sigaction(SIGALRM, NULL, {sa_handler=SIG_DFL, sa_mask=[], sa_flags=0}, 8) = 0 <0.000001>
8203  17:40:19.367320 rt_sigaction(SIGTERM, NULL, {sa_handler=SIG_DFL, sa_mask=[], sa_flags=0}, 8) = 0 <0.000001>
8203  17:40:19.367327 rt_sigaction(SIGSTKFLT, NULL, {sa_handler=SIG_DFL, sa_mask=[], sa_flags=0}, 8) = 0 <0.000001>
8203  17:40:19.367333 rt_sigaction(SIGCHLD, NULL, {sa_handler=SIG_DFL, sa_mask=[], sa_flags=0}, 8) = 0 <0.000002>
8203  17:40:19.367340 rt_sigaction(SIGCONT, NULL, {sa_handler=SIG_DFL, sa_mask=[], sa_flags=0}, 8) = 0 <0.000001>
8203  17:40:19.367346 rt_sigaction(SIGSTOP, NULL, {sa_handler=SIG_DFL, sa_mask=[], sa_flags=0}, 8) = 0 <0.000001>
8203  17:40:19.367352 rt_sigaction(SIGTSTP, NULL, {sa_handler=SIG_DFL, sa_mask=[], sa_flags=0}, 8) = 0 <0.000001>
8203  17:40:19.367358 rt_sigaction(SIGTTIN, NULL, {sa_handler=SIG_DFL, sa_mask=[], sa_flags=0}, 8) = 0 <0.000001>
8203  17:40:19.367365 rt_sigaction(SIGTTOU, NULL, {sa_handler=SIG_DFL, sa_mask=[], sa_flags=0}, 8) = 0 <0.000001>
8203  17:40:19.367372 rt_sigaction(SIGURG, NULL, {sa_handler=SIG_DFL, sa_mask=[], sa_flags=0}, 8) = 0 <0.000001>
8203  17:40:19.367378 rt_sigaction(SIGXCPU, NULL, {sa_handler=SIG_DFL, sa_mask=[], sa_flags=0}, 8) = 0 <0.000001>
8203  17:40:19.367384 rt_sigaction(SIGXFSZ, NULL, {sa_handler=SIG_DFL, sa_mask=[], sa_flags=0}, 8) = 0 <0.000001>
8203  17:40:19.367391 rt_sigaction(SIGVTALRM, NULL, {sa_handler=SIG_DFL, sa_mask=[], sa_flags=0}, 8) = 0 <0.000001>
8203  17:40:19.367397 rt_sigaction(SIGPROF, NULL, {sa_handler=SIG_DFL, sa_mask=[], sa_flags=0}, 8) = 0 <0.000001>
8203  17:40:19.367403 rt_sigaction(SIGWINCH, NULL, {sa_handler=SIG_DFL, sa_mask=[], sa_flags=0}, 8) = 0 <0.000001>
8203  17:40:19.367410 rt_sigaction(SIGIO, NULL, {sa_handler=SIG_DFL, sa_mask=[], sa_flags=0}, 8) = 0 <0.000001>
8203  17:40:19.367416 rt_sigaction(SIGPWR, NULL, {sa_handler=SIG_DFL, sa_mask=[], sa_flags=0}, 8) = 0 <0.000001>
8203  17:40:19.367423 rt_sigaction(SIGSYS, NULL, {sa_handler=SIG_DFL, sa_mask=[], sa_flags=0}, 8) = 0 <0.000001>
8203  17:40:19.367429 rt_sigaction(SIGRT_4, NULL, {sa_handler=SIG_DFL, sa_mask=[], sa_flags=0}, 8) = 0 <0.000001>
8203  17:40:19.367435 rt_sigaction(SIGRT_5, NULL, {sa_handler=SIG_DFL, sa_mask=[], sa_flags=0}, 8) = 0 <0.000001>
8203  17:40:19.367442 rt_sigaction(SIGRT_6, NULL, {sa_handler=SIG_DFL, sa_mask=[], sa_flags=0}, 8) = 0 <0.000001>
8203  17:40:19.367450 rt_sigaction(SIGRT_7, NULL, {sa_handler=SIG_DFL, sa_mask=[], sa_flags=0}, 8) = 0 <0.000001>
8203  17:40:19.367457 rt_sigaction(SIGRT_8, NULL, {sa_handler=SIG_DFL, sa_mask=[], sa_flags=0}, 8) = 0 <0.000001>
8203  17:40:19.367463 rt_sigaction(SIGRT_9, NULL, {sa_handler=SIG_DFL, sa_mask=[], sa_flags=0}, 8) = 0 <0.000001>
8203  17:40:19.367470 rt_sigaction(SIGRT_10, NULL, {sa_handler=SIG_DFL, sa_mask=[], sa_flags=0}, 8) = 0 <0.000001>
8203  17:40:19.367476 rt_sigaction(SIGRT_11, NULL, {sa_handler=SIG_DFL, sa_mask=[], sa_flags=0}, 8) = 0 <0.000001>
8203  17:40:19.367482 rt_sigaction(SIGRT_12, NULL, {sa_handler=SIG_DFL, sa_mask=[], sa_flags=0}, 8) = 0 <0.000001>
8203  17:40:19.367489 rt_sigaction(SIGRT_13, NULL, {sa_handler=SIG_DFL, sa_mask=[], sa_flags=0}, 8) = 0 <0.000001>
8203  17:40:19.367495 rt_sigaction(SIGRT_14, NULL, {sa_handler=SIG_DFL, sa_mask=[], sa_flags=0}, 8) = 0 <0.000001>
8203  17:40:19.367501 rt_sigaction(SIGRT_15, NULL, {sa_handler=SIG_DFL, sa_mask=[], sa_flags=0}, 8) = 0 <0.000001>
8203  17:40:19.367508 rt_sigaction(SIGRT_16, NULL, {sa_handler=SIG_DFL, sa_mask=[], sa_flags=0}, 8) = 0 <0.000001>
8203  17:40:19.367514 rt_sigaction(SIGRT_17, NULL, {sa_handler=SIG_DFL, sa_mask=[], sa_flags=0}, 8) = 0 <0.000001>
8203  17:40:19.367521 rt_sigaction(SIGRT_18, NULL, {sa_handler=SIG_DFL, sa_mask=[], sa_flags=0}, 8) = 0 <0.000002>
8203  17:40:19.367527 rt_sigaction(SIGRT_19, NULL, {sa_handler=SIG_DFL, sa_mask=[], sa_flags=0}, 8) = 0 <0.000001>
8203  17:40:19.367534 rt_sigaction(SIGRT_20, NULL, {sa_handler=SIG_DFL, sa_mask=[], sa_flags=0}, 8) = 0 <0.000001>
8203  17:40:19.367540 rt_sigaction(SIGRT_21, NULL, {sa_handler=SIG_DFL, sa_mask=[], sa_flags=0}, 8) = 0 <0.000001>
8203  17:40:19.367547 rt_sigaction(SIGRT_22, NULL, {sa_handler=SIG_DFL, sa_mask=[], sa_flags=0}, 8) = 0 <0.000001>
8203  17:40:19.367553 rt_sigaction(SIGRT_23, NULL, {sa_handler=SIG_DFL, sa_mask=[], sa_flags=0}, 8) = 0 <0.000001>
8203  17:40:19.367560 rt_sigaction(SIGRT_24, NULL, {sa_handler=SIG_DFL, sa_mask=[], sa_flags=0}, 8) = 0 <0.000001>
8203  17:40:19.367566 rt_sigaction(SIGRT_25, NULL, {sa_handler=SIG_DFL, sa_mask=[], sa_flags=0}, 8) = 0 <0.000001>
8203  17:40:19.367572 rt_sigaction(SIGRT_26, NULL, {sa_handler=SIG_DFL, sa_mask=[], sa_flags=0}, 8) = 0 <0.000002>
8203  17:40:19.367579 rt_sigaction(SIGRT_27, NULL, {sa_handler=SIG_DFL, sa_mask=[], sa_flags=0}, 8) = 0 <0.000001>
8203  17:40:19.367585 rt_sigaction(SIGRT_28, NULL, {sa_handler=SIG_DFL, sa_mask=[], sa_flags=0}, 8) = 0 <0.000001>
8203  17:40:19.367592 rt_sigaction(SIGRT_29, NULL, {sa_handler=SIG_DFL, sa_mask=[], sa_flags=0}, 8) = 0 <0.000001>
8203  17:40:19.367598 rt_sigaction(SIGRT_30, NULL, {sa_handler=SIG_DFL, sa_mask=[], sa_flags=0}, 8) = 0 <0.000001>
8203  17:40:19.367605 rt_sigaction(SIGRT_31, NULL, {sa_handler=SIG_DFL, sa_mask=[], sa_flags=0}, 8) = 0 <0.000001>
8203  17:40:19.367611 rt_sigaction(SIGRT_32, NULL, {sa_handler=SIG_DFL, sa_mask=[], sa_flags=0}, 8) = 0 <0.000001>
8203  17:40:19.367617 rt_sigaction(SIGRT_2, {sa_handler=0xe7e682130e60, sa_mask=~[RTMIN RT_1], sa_flags=SA_SIGINFO}, NULL, 8) = 0 <0.000001>
8203  17:40:19.368238 mmap(NULL, 4096, PROT_READ|PROT_WRITE, MAP_PRIVATE|MAP_ANONYMOUS, -1, 0) = 0xe7e682551000 <0.000004>
8203  17:40:19.368254 mmap(NULL, 4096, PROT_READ|PROT_WRITE, MAP_PRIVATE|MAP_ANONYMOUS, -1, 0) = 0xe7e682550000 <0.000003>
8203  17:40:19.368723 futex(0xe7e6824a8900, FUTEX_WAKE_PRIVATE, 2147483647) = 0 <0.000002>
8203  17:40:19.368753 futex(0xe7e6824a8900, FUTEX_WAKE_PRIVATE, 2147483647) = 0 <0.000002>
8203  17:40:19.368952 futex(0xe7e6824a8900, FUTEX_WAKE_PRIVATE, 2147483647) = 0 <0.000002>
8203  17:40:19.368984 futex(0xe7e6824a8900, FUTEX_WAKE_PRIVATE, 2147483647) = 0 <0.000002>
8203  17:40:19.369323 futex(0xe7e6824a8900, FUTEX_WAKE_PRIVATE, 2147483647) = 0 <0.000002>
8203  17:40:19.369332 futex(0xe7e6824a8900, FUTEX_WAKE_PRIVATE, 2147483647) = 0 <0.000001>
8203  17:40:19.369358 futex(0xe7e6824a8900, FUTEX_WAKE_PRIVATE, 2147483647) = 0 <0.000002>
8203  17:40:19.369503 futex(0xe7e6824a8900, FUTEX_WAKE_PRIVATE, 2147483647) = 0 <0.000002>
8203  17:40:19.369762 futex(0xe7e6824a8900, FUTEX_WAKE_PRIVATE, 2147483647) = 0 <0.000002>
8203  17:40:19.370366 futex(0xe7e6824a8900, FUTEX_WAKE_PRIVATE, 2147483647) = 0 <0.000002>
8203  17:40:19.371148 futex(0xe7e6824a8900, FUTEX_WAKE_PRIVATE, 2147483647) = 0 <0.000002>
8203  17:40:19.371226 futex(0xe7e6824a8900, FUTEX_WAKE_PRIVATE, 2147483647) = 0 <0.000002>
8203  17:40:19.371245 futex(0xe7e6824a8900, FUTEX_WAKE_PRIVATE, 2147483647) = 0 <0.000002>
8203  17:40:19.371650 futex(0xe7e6824a8900, FUTEX_WAKE_PRIVATE, 2147483647) = 0 <0.000002>
8203  17:40:19.371658 futex(0xe7e6824a8900, FUTEX_WAKE_PRIVATE, 2147483647) = 0 <0.000001>
8203  17:40:19.371665 futex(0xe7e6824a8900, FUTEX_WAKE_PRIVATE, 2147483647) = 0 <0.000001>
8203  17:40:19.371810 futex(0xe7e6824a8900, FUTEX_WAKE_PRIVATE, 2147483647) = 0 <0.000002>
8203  17:40:19.371927 mmap(NULL, 8192, PROT_READ|PROT_WRITE, MAP_PRIVATE|MAP_ANONYMOUS, -1, 0) = 0xe7e68254e000 <0.000003>
8203  17:40:19.372191 faccessat(AT_FDCWD, "/usr/x86_64-linux-gnu/etc/ld.so.preload", F_OK) = -1 ENOENT (No such file or directory) <0.000004>
8203  17:40:19.372203 faccessat(AT_FDCWD, "/etc/ld.so.preload", R_OK) = -1 ENOENT (No such file or directory) <0.000002>
8203  17:40:19.372564 readlinkat(AT_FDCWD, "/etc", 0xffffd27dc3a0, 1023) = -1 EINVAL (Invalid argument) <0.000002>
8203  17:40:19.372573 readlinkat(AT_FDCWD, "/etc/ld.so.cache", 0xffffd27dc3a0, 1023) = -1 EINVAL (Invalid argument) <0.000003>
8203  17:40:19.372583 faccessat(AT_FDCWD, "/usr/x86_64-linux-gnu/etc/ld.so.cache", F_OK) = -1 ENOENT (No such file or directory) <0.000002>
8203  17:40:19.372590 openat(AT_FDCWD, "/etc/ld.so.cache", O_RDONLY|O_CLOEXEC) = 3 <0.000003>
8203  17:40:19.372613 fstat(3, {st_mode=S_IFREG|0644, st_size=70405, ...}) = 0 <0.000002>
8203  17:40:19.372635 mmap(NULL, 73728, PROT_READ, MAP_PRIVATE, 3, 0) = 0xe7e68253c000 <0.000003>
8203  17:40:19.372651 close(3)          = 0 <0.000002>
8203  17:40:19.372907 readlinkat(AT_FDCWD, "/lib", "usr/lib", 1023) = 7 <0.000003>
8203  17:40:19.372917 readlinkat(AT_FDCWD, "/usr", 0xffffd27dc3a0, 1023) = -1 EINVAL (Invalid argument) <0.000002>
8203  17:40:19.372924 readlinkat(AT_FDCWD, "/usr/lib", 0xffffd27dc3a0, 1023) = -1 EINVAL (Invalid argument) <0.000002>
8203  17:40:19.372932 readlinkat(AT_FDCWD, "/usr/lib/x86_64-linux-gnu", 0xffffd27dc3a0, 1023) = -1 ENOENT (No such file or directory) <0.000005>
8203  17:40:19.372943 faccessat(AT_FDCWD, "/usr/x86_64-linux-gnu/lib/x86_64-linux-gnu/glibc-hwcaps/x86-64-v3/libc.so.6", F_OK) = -1 ENOENT (No such file or directory) <0.000003>
8203  17:40:19.372952 openat(AT_FDCWD, "/lib/x86_64-linux-gnu/glibc-hwcaps/x86-64-v3/libc.so.6", O_RDONLY|O_CLOEXEC) = -1 ENOENT (No such file or directory) <0.000003>
8203  17:40:19.372998 faccessat(AT_FDCWD, "/usr/x86_64-linux-gnu/lib/x86_64-linux-gnu/glibc-hwcaps/x86-64-v3/", F_OK) = -1 ENOENT (No such file or directory) <0.000002>
8203  17:40:19.373005 newfstatat(AT_FDCWD, "/lib/x86_64-linux-gnu/glibc-hwcaps/x86-64-v3/", 0xffffd27dda90, 0) = -1 ENOENT (No such file or directory) <0.000002>
8203  17:40:19.373032 readlinkat(AT_FDCWD, "/lib", "usr/lib", 1023) = 7 <0.000002>
8203  17:40:19.373040 readlinkat(AT_FDCWD, "/usr", 0xffffd27dc3a0, 1023) = -1 EINVAL (Invalid argument) <0.000002>
8203  17:40:19.373047 readlinkat(AT_FDCWD, "/usr/lib", 0xffffd27dc3a0, 1023) = -1 EINVAL (Invalid argument) <0.000002>
8203  17:40:19.373054 readlinkat(AT_FDCWD, "/usr/lib/x86_64-linux-gnu", 0xffffd27dc3a0, 1023) = -1 ENOENT (No such file or directory) <0.000002>
8203  17:40:19.373062 faccessat(AT_FDCWD, "/usr/x86_64-linux-gnu/lib/x86_64-linux-gnu/glibc-hwcaps/x86-64-v2/libc.so.6", F_OK) = -1 ENOENT (No such file or directory) <0.000002>
8203  17:40:19.373069 openat(AT_FDCWD, "/lib/x86_64-linux-gnu/glibc-hwcaps/x86-64-v2/libc.so.6", O_RDONLY|O_CLOEXEC) = -1 ENOENT (No such file or directory) <0.000002>
8203  17:40:19.373077 faccessat(AT_FDCWD, "/usr/x86_64-linux-gnu/lib/x86_64-linux-gnu/glibc-hwcaps/x86-64-v2/", F_OK) = -1 ENOENT (No such file or directory) <0.000002>
8203  17:40:19.373086 newfstatat(AT_FDCWD, "/lib/x86_64-linux-gnu/glibc-hwcaps/x86-64-v2/", 0xffffd27dda90, 0) = -1 ENOENT (No such file or directory) <0.000002>
8203  17:40:19.373097 readlinkat(AT_FDCWD, "/lib", "usr/lib", 1023) = 7 <0.000002>
8203  17:40:19.373105 readlinkat(AT_FDCWD, "/usr", 0xffffd27dc3a0, 1023) = -1 EINVAL (Invalid argument) <0.000002>
8203  17:40:19.373112 readlinkat(AT_FDCWD, "/usr/lib", 0xffffd27dc3a0, 1023) = -1 EINVAL (Invalid argument) <0.000002>
8203  17:40:19.373118 readlinkat(AT_FDCWD, "/usr/lib/x86_64-linux-gnu", 0xffffd27dc3a0, 1023) = -1 ENOENT (No such file or directory) <0.000001>
8203  17:40:19.373125 faccessat(AT_FDCWD, "/usr/x86_64-linux-gnu/lib/x86_64-linux-gnu/libc.so.6", F_OK) = -1 ENOENT (No such file or directory) <0.000002>
8203  17:40:19.373133 openat(AT_FDCWD, "/lib/x86_64-linux-gnu/libc.so.6", O_RDONLY|O_CLOEXEC) = -1 ENOENT (No such file or directory) <0.000002>
8203  17:40:19.373141 faccessat(AT_FDCWD, "/usr/x86_64-linux-gnu/lib/x86_64-linux-gnu/", F_OK) = -1 ENOENT (No such file or directory) <0.000002>
8203  17:40:19.373148 newfstatat(AT_FDCWD, "/lib/x86_64-linux-gnu/", 0xffffd27dda90, 0) = -1 ENOENT (No such file or directory) <0.000002>
8203  17:40:19.373169 readlinkat(AT_FDCWD, "/usr", 0xffffd27dc3a0, 1023) = -1 EINVAL (Invalid argument) <0.000002>
8203  17:40:19.373176 readlinkat(AT_FDCWD, "/usr/lib", 0xffffd27dc3a0, 1023) = -1 EINVAL (Invalid argument) <0.000002>
8203  17:40:19.373183 readlinkat(AT_FDCWD, "/usr/lib/x86_64-linux-gnu", 0xffffd27dc3a0, 1023) = -1 ENOENT (No such file or directory) <0.000002>
8203  17:40:19.373190 faccessat(AT_FDCWD, "/usr/x86_64-linux-gnu/usr/lib/x86_64-linux-gnu/glibc-hwcaps/x86-64-v3/libc.so.6", F_OK) = -1 ENOENT (No such file or directory) <0.000003>
8203  17:40:19.373199 openat(AT_FDCWD, "/usr/lib/x86_64-linux-gnu/glibc-hwcaps/x86-64-v3/libc.so.6", O_RDONLY|O_CLOEXEC) = -1 ENOENT (No such file or directory) <0.000002>
8203  17:40:19.373207 faccessat(AT_FDCWD, "/usr/x86_64-linux-gnu/usr/lib/x86_64-linux-gnu/glibc-hwcaps/x86-64-v3/", F_OK) = -1 ENOENT (No such file or directory) <0.000002>
8203  17:40:19.373214 newfstatat(AT_FDCWD, "/usr/lib/x86_64-linux-gnu/glibc-hwcaps/x86-64-v3/", 0xffffd27dda90, 0) = -1 ENOENT (No such file or directory) <0.000002>
8203  17:40:19.373227 readlinkat(AT_FDCWD, "/usr", 0xffffd27dc3a0, 1023) = -1 EINVAL (Invalid argument) <0.000002>
8203  17:40:19.373235 readlinkat(AT_FDCWD, "/usr/lib", 0xffffd27dc3a0, 1023) = -1 EINVAL (Invalid argument) <0.000002>
8203  17:40:19.373241 readlinkat(AT_FDCWD, "/usr/lib/x86_64-linux-gnu", 0xffffd27dc3a0, 1023) = -1 ENOENT (No such file or directory) <0.000001>
8203  17:40:19.373248 faccessat(AT_FDCWD, "/usr/x86_64-linux-gnu/usr/lib/x86_64-linux-gnu/glibc-hwcaps/x86-64-v2/libc.so.6", F_OK) = -1 ENOENT (No such file or directory) <0.000002>
8203  17:40:19.373256 openat(AT_FDCWD, "/usr/lib/x86_64-linux-gnu/glibc-hwcaps/x86-64-v2/libc.so.6", O_RDONLY|O_CLOEXEC) = -1 ENOENT (No such file or directory) <0.000002>
8203  17:40:19.373264 faccessat(AT_FDCWD, "/usr/x86_64-linux-gnu/usr/lib/x86_64-linux-gnu/glibc-hwcaps/x86-64-v2/", F_OK) = -1 ENOENT (No such file or directory) <0.000002>
8203  17:40:19.373271 newfstatat(AT_FDCWD, "/usr/lib/x86_64-linux-gnu/glibc-hwcaps/x86-64-v2/", 0xffffd27dda90, 0) = -1 ENOENT (No such file or directory) <0.000001>
8203  17:40:19.373278 readlinkat(AT_FDCWD, "/usr", 0xffffd27dc3a0, 1023) = -1 EINVAL (Invalid argument) <0.000002>
8203  17:40:19.373285 readlinkat(AT_FDCWD, "/usr/lib", 0xffffd27dc3a0, 1023) = -1 EINVAL (Invalid argument) <0.000002>
8203  17:40:19.373292 readlinkat(AT_FDCWD, "/usr/lib/x86_64-linux-gnu", 0xffffd27dc3a0, 1023) = -1 ENOENT (No such file or directory) <0.000001>
8203  17:40:19.373299 faccessat(AT_FDCWD, "/usr/x86_64-linux-gnu/usr/lib/x86_64-linux-gnu/libc.so.6", F_OK) = -1 ENOENT (No such file or directory) <0.000001>
8203  17:40:19.373305 openat(AT_FDCWD, "/usr/lib/x86_64-linux-gnu/libc.so.6", O_RDONLY|O_CLOEXEC) = -1 ENOENT (No such file or directory) <0.000002>
8203  17:40:19.373313 faccessat(AT_FDCWD, "/usr/x86_64-linux-gnu/usr/lib/x86_64-linux-gnu/", F_OK) = -1 ENOENT (No such file or directory) <0.000002>
8203  17:40:19.373322 newfstatat(AT_FDCWD, "/usr/lib/x86_64-linux-gnu/", 0xffffd27dda90, 0) = -1 ENOENT (No such file or directory) <0.000002>
8203  17:40:19.373334 readlinkat(AT_FDCWD, "/lib", "usr/lib", 1023) = 7 <0.000002>
8203  17:40:19.373342 readlinkat(AT_FDCWD, "/usr", 0xffffd27dc3a0, 1023) = -1 EINVAL (Invalid argument) <0.000001>
8203  17:40:19.373349 readlinkat(AT_FDCWD, "/usr/lib", 0xffffd27dc3a0, 1023) = -1 EINVAL (Invalid argument) <0.000001>
8203  17:40:19.373355 readlinkat(AT_FDCWD, "/usr/lib/glibc-hwcaps", 0xffffd27dc3a0, 1023) = -1 ENOENT (No such file or directory) <0.000002>
8203  17:40:19.373363 faccessat(AT_FDCWD, "/usr/x86_64-linux-gnu/lib/glibc-hwcaps/x86-64-v3/libc.so.6", F_OK) = -1 ENOENT (No such file or directory) <0.000003>
8203  17:40:19.373371 openat(AT_FDCWD, "/lib/glibc-hwcaps/x86-64-v3/libc.so.6", O_RDONLY|O_CLOEXEC) = -1 ENOENT (No such file or directory) <0.000002>
8203  17:40:19.373380 faccessat(AT_FDCWD, "/usr/x86_64-linux-gnu/lib/glibc-hwcaps/x86-64-v3/", F_OK) = -1 ENOENT (No such file or directory) <0.000002>
8203  17:40:19.373387 newfstatat(AT_FDCWD, "/lib/glibc-hwcaps/x86-64-v3/", 0xffffd27dda90, 0) = -1 ENOENT (No such file or directory) <0.000002>
8203  17:40:19.373394 readlinkat(AT_FDCWD, "/lib", "usr/lib", 1023) = 7 <0.000002>
8203  17:40:19.373401 readlinkat(AT_FDCWD, "/usr", 0xffffd27dc3a0, 1023) = -1 EINVAL (Invalid argument) <0.000001>
8203  17:40:19.373408 readlinkat(AT_FDCWD, "/usr/lib", 0xffffd27dc3a0, 1023) = -1 EINVAL (Invalid argument) <0.000001>
8203  17:40:19.373415 readlinkat(AT_FDCWD, "/usr/lib/glibc-hwcaps", 0xffffd27dc3a0, 1023) = -1 ENOENT (No such file or directory) <0.000002>
8203  17:40:19.373422 faccessat(AT_FDCWD, "/usr/x86_64-linux-gnu/lib/glibc-hwcaps/x86-64-v2/libc.so.6", F_OK) = -1 ENOENT (No such file or directory) <0.000002>
8203  17:40:19.373429 openat(AT_FDCWD, "/lib/glibc-hwcaps/x86-64-v2/libc.so.6", O_RDONLY|O_CLOEXEC) = -1 ENOENT (No such file or directory) <0.000002>
8203  17:40:19.373436 faccessat(AT_FDCWD, "/usr/x86_64-linux-gnu/lib/glibc-hwcaps/x86-64-v2/", F_OK) = -1 ENOENT (No such file or directory) <0.000002>
8203  17:40:19.373444 newfstatat(AT_FDCWD, "/lib/glibc-hwcaps/x86-64-v2/", 0xffffd27dda90, 0) = -1 ENOENT (No such file or directory) <0.000002>
8203  17:40:19.373451 readlinkat(AT_FDCWD, "/lib", "usr/lib", 1023) = 7 <0.000002>
8203  17:40:19.373458 readlinkat(AT_FDCWD, "/usr", 0xffffd27dc3a0, 1023) = -1 EINVAL (Invalid argument) <0.000001>
8203  17:40:19.373465 readlinkat(AT_FDCWD, "/usr/lib", 0xffffd27dc3a0, 1023) = -1 EINVAL (Invalid argument) <0.000001>
8203  17:40:19.373471 readlinkat(AT_FDCWD, "/usr/lib/libc.so.6", 0xffffd27dc3a0, 1023) = -1 ENOENT (No such file or directory) <0.000004>
8203  17:40:19.373481 faccessat(AT_FDCWD, "/usr/x86_64-linux-gnu/lib/libc.so.6", F_OK) = 0 <0.000004>
8203  17:40:19.373491 openat(AT_FDCWD, "/usr/x86_64-linux-gnu/lib/libc.so.6", O_RDONLY|O_CLOEXEC) = 3 <0.000002>
8203  17:40:19.373508 read(3, "\177ELF\2\1\1\3\0\0\0\0\0\0\0\0\3\0>\0\1\0\0\0 \250\2\0\0\0\0\0@\0\0\0\0\0\0\0X2!\0\0\0\0\0\0\0\0\0@\08\0\17\0@\0>\0=\0\6\0\0\0\4\0\0\0@\0\0\0\0\0\0\0@\0\0\0\0\0\0\0@\0\0\0\0\0\0\0H\3\0\0\0\0\0\0H\3\0\0\0\0\0\0\10\0\0\0\0\0\0\0\3\0\0\0\4\0\0\0\200g\36\0\0\0\0\0\200g\36\0\0\0\0\0\200g\36\0\0\0\0\0\34\0\0\0\0\0\0\0\34\0\0\0\0\0\0\0\20\0\0\0\0\0\0\0\1\0\0\0\4\0\0\0\0\0\0\0\0\0\0\0\0\0\0\0\0\0\0\0\0\0\0\0\0\0\0\0\370y\2\0\0\0\0\0\370y\2\0\0\0\0\0\0\20\0\0\0\0\0\0\1\0\0\0\5\0\0\0\0\200\2\0\0\0\0\0\0\200\2\0\0\0\0\0"..., 832) = 832 <0.000772>
8203  17:40:19.374349 pread64(3, "\6\0\0\0\4\0\0\0@\0\0\0\0\0\0\0@\0\0\0\0\0\0\0@\0\0\0\0\0\0\0H\3\0\0\0\0\0\0H\3\0\0\0\0\0\0\10\0\0\0\0\0\0\0\3\0\0\0\4\0\0\0\200g\36\0\0\0\0\0\200g\36\0\0\0\0\0\200g\36\0\0\0\0\0\34\0\0\0\0\0\0\0\34\0\0\0\0\0\0\0\20\0\0\0\0\0\0\0\1\0\0\0\4\0\0\0\0\0\0\0\0\0\0\0\0\0\0\0\0\0\0\0\0\0\0\0\0\0\0\0\370y\2\0\0\0\0\0\370y\2\0\0\0\0\0\0\20\0\0\0\0\0\0\1\0\0\0\5\0\0\0\0\200\2\0\0\0\0\0\0\200\2\0\0\0\0\0\0\200\2\0\0\0\0\0\231y\31\0\0\0\0\0\231y\31\0\0\0\0\0\0\20\0\0\0\0\0\0\1\0\0\0\4\0\0\0\0\0\34\0\0\0\0\0\0\0\34\0\0\0\0\0\0\0\34\0\0\0\0\0"..., 840, 64) = 840 <0.000002>
8203  17:40:19.374415 fstat(3, {st_mode=S_IFREG|0755, st_size=2179544, ...}) = 0 <0.000002>
8203  17:40:19.374541 pread64(3, "\6\0\0\0\4\0\0\0@\0\0\0\0\0\0\0@\0\0\0\0\0\0\0@\0\0\0\0\0\0\0H\3\0\0\0\0\0\0H\3\0\0\0\0\0\0\10\0\0\0\0\0\0\0\3\0\0\0\4\0\0\0\200g\36\0\0\0\0\0\200g\36\0\0\0\0\0\200g\36\0\0\0\0\0\34\0\0\0\0\0\0\0\34\0\0\0\0\0\0\0\20\0\0\0\0\0\0\0\1\0\0\0\4\0\0\0\0\0\0\0\0\0\0\0\0\0\0\0\0\0\0\0\0\0\0\0\0\0\0\0\370y\2\0\0\0\0\0\370y\2\0\0\0\0\0\0\20\0\0\0\0\0\0\1\0\0\0\5\0\0\0\0\200\2\0\0\0\0\0\0\200\2\0\0\0\0\0\0\200\2\0\0\0\0\0\231y\31\0\0\0\0\0\231y\31\0\0\0\0\0\0\20\0\0\0\0\0\0\1\0\0\0\4\0\0\0\0\0\34\0\0\0\0\0\0\0\34\0\0\0\0\0\0\0\34\0\0\0\0\0"..., 840, 64) = 840 <0.000002>
8203  17:40:19.374717 mmap(NULL, 2232320, PROT_READ, MAP_PRIVATE|MAP_DENYWRITE, 3, 0) = 0xe7e680c00000 <0.000004>
8203  17:40:19.374758 mmap(0xe7e680c28000, 1671168, PROT_READ, MAP_PRIVATE|MAP_FIXED|MAP_DENYWRITE, 3, 0x28000) = 0xe7e680c28000 <0.000005>
8203  17:40:19.374774 mmap(0xe7e680dc0000, 319488, PROT_READ, MAP_PRIVATE|MAP_FIXED|MAP_DENYWRITE, 3, 0x1c0000) = 0xe7e680dc0000 <0.000003>
8203  17:40:19.374783 mmap(0xe7e680e0e000, 24576, PROT_READ|PROT_WRITE, MAP_PRIVATE|MAP_FIXED|MAP_DENYWRITE, 3, 0x20d000) = 0xe7e680e0e000 <0.000003>
8203  17:40:19.375267 mmap(0xe7e680e14000, 53248, PROT_READ|PROT_WRITE, MAP_PRIVATE|MAP_FIXED|MAP_ANONYMOUS, -1, 0) = 0xe7e680e14000 <0.000003>
8203  17:40:19.375456 close(3)          = 0 <0.000002>
8203  17:40:19.377297 mmap(NULL, 12288, PROT_READ|PROT_WRITE, MAP_PRIVATE|MAP_ANONYMOUS, -1, 0) = 0xe7e682539000 <0.000047>
8203  17:40:19.377417 gettid()          = 8203 <0.000002>
8203  17:40:19.380066 mprotect(0xe7e680e0e000, 16384, PROT_READ) = 0 <0.000022>
8203  17:40:19.380304 mprotect(0x555555559000, 4096, PROT_READ) = 0 <0.000005>
8203  17:40:19.380865 mprotect(0xe7e68258e000, 8192, PROT_READ) = 0 <0.000004>
8203  17:40:19.381513 prlimit64(0, RLIMIT_STACK, NULL, {rlim_cur=8192*1024, rlim_max=RLIM64_INFINITY}) = 0 <0.000003>
8203  17:40:19.381861 getrandom("\x17\xdd\x04\x32\x0c\xef\xb1\xb4", 8, GRND_NONBLOCK) = 8 <0.000002>
8203  17:40:19.382220 munmap(0xe7e68253c000, 73728) = 0 <0.000012>
8203  17:40:19.382245 futex(0xe7e6824a80a0, FUTEX_WAKE, 2147483647) = 1 <0.000004>
8204  17:40:19.382257 <... futex resumed>) = 0 <0.020983>
8204  17:40:19.382787 clock_nanosleep(CLOCK_REALTIME, 0, {tv_sec=0, tv_nsec=10000000} <unfinished ...>
8203  17:40:19.383488 write(2, "Usage: /home/jie-min/Downloads/52fc723f7e0c4202c97ac5bc2add2d1d3daa5c3f84f3d459a6a005a3ae380119.elf <directory>\n", 112) = 112 <0.001740>
8203  17:40:19.386892 exit_group(1)     = ?
8204  17:40:19.386904 <... clock_nanosleep resumed> <unfinished ...>) = ?
8204  17:40:19.386928 +++ exited with 1 +++
8203  17:40:19.387059 +++ exited with 1 +++
