7476  17:23:34.821122 execve("/usr/bin/qemu-x86_64", ["qemu-x86_64", "-L", "/usr/x86_64-linux-gnu/", "/home/jie-min/Downloads/5677dfad26045e271272bc98be2fd24e2f6d13737850ab1d9857fd58de05e9f9.elf"], 0xfffffba60948 /* 20 vars */) = 0 <0.000444>
7476  17:23:34.824398 brk(NULL)         = 0xaaaad9654000 <0.000002>
7476  17:23:34.824412 brk(0xaaaad9654c80) = 0xaaaad9654c80 <0.000003>
7476  17:23:34.824422 set_tid_address(0xaaaad9654448) = 7476 <0.000003>
7476  17:23:34.824674 set_robust_list(0xaaaad9654100, 24) = 0 <0.000002>
7476  17:23:34.824684 rseq(0xaaaad9654900, 0x21, 0, 0xd428bc00) = 0 <0.000002>
7476  17:23:34.825107 prlimit64(0, RLIMIT_STACK, NULL, {rlim_cur=8192*1024, rlim_max=RLIM64_INFINITY}) = 0 <0.000002>
7476  17:23:34.825120 getrandom("\x72\x57\x9a\x36\x00\xb6\xf4\x64", 8, GRND_NONBLOCK) = 8 <0.000002>
7476  17:23:34.825175 readlinkat(AT_FDCWD, "/proc/self/exe", "/usr/bin/qemu-x86_64", 4096) = 20 <0.000012>
7476  17:23:34.825646 brk(NULL)         = 0xaaaad9654c80 <0.000002>
7476  17:23:34.825655 brk(0xaaaad9800000) = 0xaaaad9800000 <0.000003>
7476  17:23:34.825846 mprotect(0xe1fdc222b000, 151552, PROT_READ) = 0 <0.000004>
7476  17:23:34.826288 rt_sigprocmask(SIG_SETMASK, ~[ILL FPE SEGV RTMIN RT_1], [], 8) = 0 <0.000002>
7476  17:23:34.826299 rt_sigaction(SIGRT_1, {sa_handler=0xe1fdc20c1860, sa_mask=[], sa_flags=SA_ONSTACK|SA_RESTART|SA_SIGINFO}, NULL, 8) = 0 <0.000002>
7476  17:23:34.826308 rt_sigprocmask(SIG_UNBLOCK, [RTMIN RT_1], NULL, 8) = 0 <0.000002>
7476  17:23:34.826316 mmap(NULL, 8454144, PROT_READ|PROT_WRITE, MAP_PRIVATE|MAP_ANONYMOUS|MAP_STACK, -1, 0) = 0xe1fdc15f0000 <0.000003>
7476  17:23:34.826325 madvise(0xe1fdc15f0000, 65536, MADV_GUARD_INSTALL) = 0 <0.000004>
7476  17:23:34.826339 rt_sigprocmask(SIG_BLOCK, ~[], ~[ILL FPE KILL SEGV STOP RTMIN RT_1], 8) = 0 <0.000002>
7476  17:23:34.826348 clone3({flags=CLONE_VM|CLONE_FS|CLONE_FILES|CLONE_SIGHAND|CLONE_THREAD|CLONE_SYSVSEM|CLONE_SETTLS|CLONE_PARENT_SETTID|CLONE_CHILD_CLEARTID, child_tid=0xe1fdc1dff7c8, parent_tid=0xe1fdc1dff470, exit_signal=0, stack=0xe1fdc15f0000, stack_size=0x80ec80, tls=0xe1fdc1dffac0} => {parent_tid=[7477]}, 88) = 7477 <0.000043>
7476  17:23:34.826401 rt_sigprocmask(SIG_SETMASK, ~[ILL FPE KILL SEGV STOP RTMIN RT_1], NULL, 8) = 0 <0.000002>
7476  17:23:34.826409 rt_sigprocmask(SIG_SETMASK, [], NULL, 8) = 0 <0.000002>
7477  17:23:34.826561 rseq(0xe1fdc1dffc80, 0x21, 0, 0xd428bc00) = 0 <0.000002>
7477  17:23:34.826569 set_robust_list(0xe1fdc1dff480, 24) = 0 <0.000001>
7477  17:23:34.826575 rt_sigprocmask(SIG_SETMASK, ~[ILL FPE KILL SEGV STOP RTMIN RT_1], NULL, 8) = 0 <0.000002>
7477  17:23:34.826584 mmap(NULL, 134217728, PROT_NONE, MAP_PRIVATE|MAP_ANONYMOUS, -1, 0) = 0xe1fdb9400000 <0.000004>
7477  17:23:34.826593 munmap(0xe1fdb9400000, 46137344) = 0 <0.000003>
7477  17:23:34.826601 munmap(0xe1fdc0000000, 20971520) = 0 <0.000003>
7477  17:23:34.826608 mprotect(0xe1fdbc000000, 2097152, PROT_READ|PROT_WRITE) = 0 <0.000002>
7477  17:23:34.826615 madvise(0xe1fdbc000000, 2097152, MADV_HUGEPAGE) = 0 <0.000002>
7477  17:23:34.826644 futex(0xe1fdc22a80a0, FUTEX_WAIT, 4294967295, NULL <unfinished ...>
7476  17:23:34.828659 prlimit64(0, RLIMIT_STACK, NULL, {rlim_cur=8192*1024, rlim_max=RLIM64_INFINITY}) = 0 <0.000002>
7476  17:23:34.828671 uname({sysname="Linux", nodename="jie-min-VMware20-1", ...}) = 0 <0.000002>
7476  17:23:34.828680 openat(AT_FDCWD, "/home/jie-min/Downloads/5677dfad26045e271272bc98be2fd24e2f6d13737850ab1d9857fd58de05e9f9.elf", O_RDONLY) = 3 <0.000004>
7476  17:23:34.828690 readlinkat(AT_FDCWD, "/home", 0xffffd4208bf0, 1023) = -1 EINVAL (Invalid argument) <0.000002>
7476  17:23:34.828717 readlinkat(AT_FDCWD, "/home/jie-min", 0xffffd4208bf0, 1023) = -1 EINVAL (Invalid argument) <0.000002>
7476  17:23:34.828725 readlinkat(AT_FDCWD, "/home/jie-min/Downloads", 0xffffd4208bf0, 1023) = -1 EINVAL (Invalid argument) <0.000002>
7476  17:23:34.828733 readlinkat(AT_FDCWD, "/home/jie-min/Downloads/5677dfad26045e271272bc98be2fd24e2f6d13737850ab1d9857fd58de05e9f9.elf", 0xffffd4208bf0, 1023) = -1 EINVAL (Invalid argument) <0.000002>
7476  17:23:34.828741 lseek(3, 0, SEEK_SET) = 0 <0.000002>
7476  17:23:34.828751 read(3, "\177ELF\2\1\1\0\0\0\0\0\0\0\0\0\3\0>\0\1\0\0\0\371\5\0\0\0\0\0\0@\0\0\0\0\0\0\0\340C\1\0\0\0\0\0\0\0\0\0@\08\0\10\0@\0\31\0\30\0", 64) = 64 <0.000002>
7476  17:23:34.828760 lseek(3, 0, SEEK_SET) = 0 <0.000001>
7476  17:23:34.829446 sysinfo({uptime=802, loads=[5664, 10080, 9760], totalram=5645959168, freeram=308731904, sharedram=76509184, bufferram=25358336, totalswap=3239047168, freeswap=3238412288, procs=966, totalhigh=0, freehigh=0, mem_unit=1}) = 0 <0.000005>
7476  17:23:34.829460 mmap(NULL, 134217728, PROT_NONE, MAP_PRIVATE|MAP_ANONYMOUS, -1, 0) = 0xe1fdb4000000 <0.000003>
7476  17:23:34.829468 madvise(0xe1fdb4000000, 134217728, MADV_HUGEPAGE) = 0 <0.000002>
7476  17:23:34.829475 mprotect(0xe1fdb4000000, 134213632, PROT_READ|PROT_WRITE|PROT_EXEC) = 0 <0.000003>
7476  17:23:34.829792 getrandom(NULL, 0, 0) = 0 <0.000002>
7476  17:23:34.829801 openat(AT_FDCWD, "/proc/sys/vm/mmap_min_addr", O_RDONLY) = 4 <0.000004>
7476  17:23:34.829812 fstat(4, {st_mode=S_IFREG|0644, st_size=0, ...}) = 0 <0.000002>
7476  17:23:34.829821 read(4, "32768\n", 1024) = 6 <0.000004>
7476  17:23:34.829836 lseek(4, 0, SEEK_CUR) = 6 <0.000002>
7476  17:23:34.829842 lseek(4, 5, SEEK_SET) = 5 <0.000001>
7476  17:23:34.829848 close(4)          = 0 <0.000002>
7476  17:23:34.829862 gettid()          = 7476 <0.000002>
7476  17:23:34.829869 fstat(3, {st_mode=S_IFREG|0755, st_size=84512, ...}) = 0 <0.000002>
7476  17:23:34.829876 geteuid()         = 0 <0.000001>
7476  17:23:34.829882 getegid()         = 0 <0.000001>
7476  17:23:34.829888 read(3, "\177ELF\2\1\1\0\0\0\0\0\0\0\0\0\3\0>\0\1\0\0\0\371\5\0\0\0\0\0\0@\0\0\0\0\0\0\0\340C\1\0\0\0\0\0\0\0\0\0@\08\0\10\0@\0\31\0\30\0\1\0\0\0\5\0\0\0\0\0\0\0\0\0\0\0\0\0\0\0\0\0\0\0\0\0\0\0\0\0\0\0\2246\1\0\0\0\0\0\2246\1\0\0\0\0\0\0\0 \0\0\0\0\0\1\0\0\0\6\0\0\0\30>\1\0\0\0\0\0\30>!\0\0\0\0\0\30>!\0\0\0\0\0\340\4\0\0\0\0\0\0\310\17\0\0\0\0\0\0\0\0 \0\0\0\0\0\2\0\0\0\6\0\0\0P>\1\0\0\0\0\0P>!\0\0\0\0\0P>!\0\0\0\0\0\200\1\0\0\0\0\0\0\200\1\0\0\0\0\0\0\10\0\0\0\0\0\0\0\4\0\0\0\4\0\0\0\0\2\0\0\0\0\0\0\0\2\0\0\0\0\0\0"..., 1024) = 1024 <0.000002>
7476  17:23:34.829897 mmap(0x555555400000, 4280320, PROT_NONE, MAP_PRIVATE|MAP_ANONYMOUS|MAP_NORESERVE, -1, 0) = 0x555555400000 <0.000003>
7476  17:23:34.829905 munmap(0x555555615000, 2097152) = 0 <0.000003>
7476  17:23:34.829913 mmap(0x555555400000, 81920, PROT_READ, MAP_PRIVATE|MAP_FIXED, 3, 0) = 0x555555400000 <0.000003>
7476  17:23:34.829920 mmap(0x555555613000, 8192, PROT_READ|PROT_WRITE, MAP_PRIVATE|MAP_FIXED, 3, 0x13000) = 0x555555613000 <0.000003>
7476  17:23:34.829931 pread64(3, "\0\0\0\0\0\0\0\0\0\0\0\0\0\0\0\0\0\0\0\0\0\0\0\0\0\0\0\0\0\0\0\0\0\0\0\0\0\0\0\0\0\0\0\0\0\0\0\0\0\0\0\0\0\0\0\0\0\0\0\0\0\0\0\0\v\0\0\0\7\0\0\0\2\0\0\0\0\0\0\0\0\2\0\0\0\0\0\0\0\2\0\0\0\0\0\0000\0\0\0\0\0\0\0\0\0\0\0\0\0\0\0\10\0\0\0\0\0\0\0\0\0\0\0\0\0\0\0\"\0\0\0\5\0\0\0\2\0\0\0\0\0\0\0000\2\0\0\0\0\0\0000\2\0\0\0\0\0\0\20\0\0\0\0\0\0\0\4\0\0\0\0\0\0\0\10\0\0\0\0\0\0\0\4\0\0\0\0\0\0\0\36\0\0\0\366\377\377o\2\0\0\0\0\0\0\0@\2\0\0\0\0\0\0@\2\0\0\0\0\0\0\34\0\0\0\0\0\0\0\4\0\0\0\0\0\0\0\10\0\0\0\0\0\0\0\0\0\0\0\0\0\0\0"..., 1600, 82912) = 1600 <0.000002>
7476  17:23:34.829940 close(3)          = 0 <0.000001>
7476  17:23:34.829946 mmap(NULL, 8392704, PROT_READ|PROT_WRITE, MAP_PRIVATE|MAP_ANONYMOUS, -1, 0) = 0xe1fdc0def000 <0.000003>
7476  17:23:34.829954 mprotect(0xe1fdc0def000, 4096, PROT_NONE) = 0 <0.000002>
7476  17:23:34.829966 mmap(NULL, 4096, PROT_NONE, MAP_PRIVATE|MAP_ANONYMOUS|MAP_NORESERVE, -1, 0) = 0xe1fdc2391000 <0.000003>
7476  17:23:34.829974 mmap(0xe1fdc2391000, 4096, PROT_READ|PROT_WRITE, MAP_PRIVATE|MAP_FIXED|MAP_ANONYMOUS, -1, 0) = 0xe1fdc2391000 <0.000002>
7476  17:23:34.829983 mprotect(0xe1fdc2391000, 4096, PROT_READ|PROT_WRITE) = 0 <0.000002>
7476  17:23:34.829990 close(-1)         = -1 EBADF (Bad file descriptor) <0.000001>
7476  17:23:34.829997 mprotect(0xe1fdc2391000, 4096, PROT_READ) = 0 <0.000002>
7476  17:23:34.830003 getrandom("\x5f\x33\x81\xfc\x1f\x0f\x0b\xed\x9d\x99\xa1\xc4\x27\xe2\x98\x1a", 16, 0) = 16 <0.000002>
7476  17:23:34.830013 getuid()          = 0 <0.000001>
7476  17:23:34.830019 geteuid()         = 0 <0.000001>
7476  17:23:34.830024 getgid()          = 0 <0.000001>
7476  17:23:34.830030 getegid()         = 0 <0.000001>
7476  17:23:34.830295 rt_sigprocmask(SIG_BLOCK, NULL, [], 8) = 0 <0.000002>
7476  17:23:34.830304 rt_sigaction(SIGHUP, NULL, {sa_handler=SIG_DFL, sa_mask=[], sa_flags=0}, 8) = 0 <0.000001>
7476  17:23:34.830311 rt_sigaction(SIGINT, NULL, {sa_handler=SIG_IGN, sa_mask=[], sa_flags=0}, 8) = 0 <0.000001>
7476  17:23:34.830318 rt_sigaction(SIGQUIT, {sa_handler=0xe1fdc1f30e60, sa_mask=~[RTMIN RT_1], sa_flags=SA_SIGINFO}, {sa_handler=SIG_IGN, sa_mask=[], sa_flags=0}, 8) = 0 <0.000002>
7476  17:23:34.830326 rt_sigaction(SIGILL, {sa_handler=0xe1fdc1f30e60, sa_mask=~[RTMIN RT_1], sa_flags=SA_SIGINFO}, {sa_handler=SIG_DFL, sa_mask=[], sa_flags=0}, 8) = 0 <0.000002>
7476  17:23:34.830333 rt_sigaction(SIGTRAP, {sa_handler=0xe1fdc1f30e60, sa_mask=~[RTMIN RT_1], sa_flags=SA_SIGINFO}, {sa_handler=SIG_DFL, sa_mask=[], sa_flags=0}, 8) = 0 <0.000001>
7476  17:23:34.830341 rt_sigprocmask(SIG_BLOCK, ~[], [], 8) = 0 <0.000001>
7476  17:23:34.830348 rt_sigaction(SIGABRT, NULL, {sa_handler=SIG_DFL, sa_mask=[], sa_flags=0}, 8) = 0 <0.000001>
7476  17:23:34.830355 rt_sigprocmask(SIG_SETMASK, [], NULL, 8) = 0 <0.000001>
7476  17:23:34.830361 rt_sigaction(SIGRT_3, {sa_handler=0xe1fdc1f30e60, sa_mask=~[RTMIN RT_1], sa_flags=SA_SIGINFO}, NULL, 8) = 0 <0.000001>
7476  17:23:34.830368 rt_sigaction(SIGBUS, {sa_handler=0xe1fdc1f30e60, sa_mask=~[RTMIN RT_1], sa_flags=SA_SIGINFO}, {sa_handler=SIG_DFL, sa_mask=[], sa_flags=0}, 8) = 0 <0.000001>
7476  17:23:34.830375 rt_sigaction(SIGFPE, {sa_handler=0xe1fdc1f30e60, sa_mask=~[RTMIN RT_1], sa_flags=SA_SIGINFO}, {sa_handler=SIG_DFL, sa_mask=[], sa_flags=0}, 8) = 0 <0.000002>
7476  17:23:34.830382 rt_sigaction(SIGKILL, NULL, {sa_handler=SIG_DFL, sa_mask=[], sa_flags=0}, 8) = 0 <0.000001>
7476  17:23:34.830388 rt_sigaction(SIGUSR1, NULL, {sa_handler=SIG_DFL, sa_mask=[], sa_flags=0}, 8) = 0 <0.000001>
7476  17:23:34.830395 rt_sigaction(SIGSEGV, {sa_handler=0xe1fdc1f30e60, sa_mask=~[RTMIN RT_1], sa_flags=SA_SIGINFO}, {sa_handler=SIG_DFL, sa_mask=[], sa_flags=0}, 8) = 0 <0.000001>
7476  17:23:34.830402 rt_sigaction(SIGUSR2, NULL, {sa_handler=SIG_DFL, sa_mask=[], sa_flags=0}, 8) = 0 <0.000001>
7476  17:23:34.830408 rt_sigaction(SIGPIPE, NULL, {sa_handler=SIG_DFL, sa_mask=[], sa_flags=0}, 8) = 0 <0.000001>
7476  17:23:34.830415 rt_sigaction(SIGALRM, NULL, {sa_handler=SIG_DFL, sa_mask=[], sa_flags=0}, 8) = 0 <0.000001>
7476  17:23:34.830421 rt_sigaction(SIGTERM, NULL, {sa_handler=SIG_DFL, sa_mask=[], sa_flags=0}, 8) = 0 <0.000001>
7476  17:23:34.830427 rt_sigaction(SIGSTKFLT, NULL, {sa_handler=SIG_DFL, sa_mask=[], sa_flags=0}, 8) = 0 <0.000001>
7476  17:23:34.830434 rt_sigaction(SIGCHLD, NULL, {sa_handler=SIG_DFL, sa_mask=[], sa_flags=0}, 8) = 0 <0.000001>
7476  17:23:34.830440 rt_sigaction(SIGCONT, NULL, {sa_handler=SIG_DFL, sa_mask=[], sa_flags=0}, 8) = 0 <0.000001>
7476  17:23:34.830446 rt_sigaction(SIGSTOP, NULL, {sa_handler=SIG_DFL, sa_mask=[], sa_flags=0}, 8) = 0 <0.000002>
7476  17:23:34.830453 rt_sigaction(SIGTSTP, NULL, {sa_handler=SIG_DFL, sa_mask=[], sa_flags=0}, 8) = 0 <0.000001>
7476  17:23:34.830459 rt_sigaction(SIGTTIN, NULL, {sa_handler=SIG_DFL, sa_mask=[], sa_flags=0}, 8) = 0 <0.000001>
7476  17:23:34.830465 rt_sigaction(SIGTTOU, NULL, {sa_handler=SIG_DFL, sa_mask=[], sa_flags=0}, 8) = 0 <0.000001>
7476  17:23:34.830471 rt_sigaction(SIGURG, NULL, {sa_handler=SIG_DFL, sa_mask=[], sa_flags=0}, 8) = 0 <0.000001>
7476  17:23:34.830478 rt_sigaction(SIGXCPU, NULL, {sa_handler=SIG_DFL, sa_mask=[], sa_flags=0}, 8) = 0 <0.000001>
7476  17:23:34.830484 rt_sigaction(SIGXFSZ, NULL, {sa_handler=SIG_DFL, sa_mask=[], sa_flags=0}, 8) = 0 <0.000001>
7476  17:23:34.830490 rt_sigaction(SIGVTALRM, NULL, {sa_handler=SIG_DFL, sa_mask=[], sa_flags=0}, 8) = 0 <0.000001>
7476  17:23:34.830497 rt_sigaction(SIGPROF, NULL, {sa_handler=SIG_DFL, sa_mask=[], sa_flags=0}, 8) = 0 <0.000001>
7476  17:23:34.830504 rt_sigaction(SIGWINCH, NULL, {sa_handler=SIG_DFL, sa_mask=[], sa_flags=0}, 8) = 0 <0.000001>
7476  17:23:34.830511 rt_sigaction(SIGIO, NULL, {sa_handler=SIG_DFL, sa_mask=[], sa_flags=0}, 8) = 0 <0.000001>
7476  17:23:34.830517 rt_sigaction(SIGPWR, NULL, {sa_handler=SIG_DFL, sa_mask=[], sa_flags=0}, 8) = 0 <0.000001>
7476  17:23:34.830524 rt_sigaction(SIGSYS, NULL, {sa_handler=SIG_DFL, sa_mask=[], sa_flags=0}, 8) = 0 <0.000001>
7476  17:23:34.830530 rt_sigaction(SIGRT_4, NULL, {sa_handler=SIG_DFL, sa_mask=[], sa_flags=0}, 8) = 0 <0.000001>
7476  17:23:34.830536 rt_sigaction(SIGRT_5, NULL, {sa_handler=SIG_DFL, sa_mask=[], sa_flags=0}, 8) = 0 <0.000001>
7476  17:23:34.830542 rt_sigaction(SIGRT_6, NULL, {sa_handler=SIG_DFL, sa_mask=[], sa_flags=0}, 8) = 0 <0.000001>
7476  17:23:34.830549 rt_sigaction(SIGRT_7, NULL, {sa_handler=SIG_DFL, sa_mask=[], sa_flags=0}, 8) = 0 <0.000001>
7476  17:23:34.830555 rt_sigaction(SIGRT_8, NULL, {sa_handler=SIG_DFL, sa_mask=[], sa_flags=0}, 8) = 0 <0.000001>
7476  17:23:34.830561 rt_sigaction(SIGRT_9, NULL, {sa_handler=SIG_DFL, sa_mask=[], sa_flags=0}, 8) = 0 <0.000001>
7476  17:23:34.830568 rt_sigaction(SIGRT_10, NULL, {sa_handler=SIG_DFL, sa_mask=[], sa_flags=0}, 8) = 0 <0.000001>
7476  17:23:34.830575 rt_sigaction(SIGRT_11, NULL, {sa_handler=SIG_DFL, sa_mask=[], sa_flags=0}, 8) = 0 <0.000001>
7476  17:23:34.830581 rt_sigaction(SIGRT_12, NULL, {sa_handler=SIG_DFL, sa_mask=[], sa_flags=0}, 8) = 0 <0.000001>
7476  17:23:34.830587 rt_sigaction(SIGRT_13, NULL, {sa_handler=SIG_DFL, sa_mask=[], sa_flags=0}, 8) = 0 <0.000001>
7476  17:23:34.830594 rt_sigaction(SIGRT_14, NULL, {sa_handler=SIG_DFL, sa_mask=[], sa_flags=0}, 8) = 0 <0.000001>
7476  17:23:34.830600 rt_sigaction(SIGRT_15, NULL, {sa_handler=SIG_DFL, sa_mask=[], sa_flags=0}, 8) = 0 <0.000001>
7476  17:23:34.830606 rt_sigaction(SIGRT_16, NULL, {sa_handler=SIG_DFL, sa_mask=[], sa_flags=0}, 8) = 0 <0.000001>
7476  17:23:34.830613 rt_sigaction(SIGRT_17, NULL, {sa_handler=SIG_DFL, sa_mask=[], sa_flags=0}, 8) = 0 <0.000002>
7476  17:23:34.830619 rt_sigaction(SIGRT_18, NULL, {sa_handler=SIG_DFL, sa_mask=[], sa_flags=0}, 8) = 0 <0.000001>
7476  17:23:34.830625 rt_sigaction(SIGRT_19, NULL, {sa_handler=SIG_DFL, sa_mask=[], sa_flags=0}, 8) = 0 <0.000001>
7476  17:23:34.830632 rt_sigaction(SIGRT_20, NULL, {sa_handler=SIG_DFL, sa_mask=[], sa_flags=0}, 8) = 0 <0.000001>
7476  17:23:34.830637 rt_sigaction(SIGRT_21, NULL, {sa_handler=SIG_DFL, sa_mask=[], sa_flags=0}, 8) = 0 <0.000001>
7476  17:23:34.830643 rt_sigaction(SIGRT_22, NULL, {sa_handler=SIG_DFL, sa_mask=[], sa_flags=0}, 8) = 0 <0.000001>
7476  17:23:34.830649 rt_sigaction(SIGRT_23, NULL, {sa_handler=SIG_DFL, sa_mask=[], sa_flags=0}, 8) = 0 <0.000001>
7476  17:23:34.830654 rt_sigaction(SIGRT_24, NULL, {sa_handler=SIG_DFL, sa_mask=[], sa_flags=0}, 8) = 0 <0.000001>
7476  17:23:34.830660 rt_sigaction(SIGRT_25, NULL, {sa_handler=SIG_DFL, sa_mask=[], sa_flags=0}, 8) = 0 <0.000001>
7476  17:23:34.830665 rt_sigaction(SIGRT_26, NULL, {sa_handler=SIG_DFL, sa_mask=[], sa_flags=0}, 8) = 0 <0.000001>
7476  17:23:34.830671 rt_sigaction(SIGRT_27, NULL, {sa_handler=SIG_DFL, sa_mask=[], sa_flags=0}, 8) = 0 <0.000001>
7476  17:23:34.830677 rt_sigaction(SIGRT_28, NULL, {sa_handler=SIG_DFL, sa_mask=[], sa_flags=0}, 8) = 0 <0.000001>
7476  17:23:34.830682 rt_sigaction(SIGRT_29, NULL, {sa_handler=SIG_DFL, sa_mask=[], sa_flags=0}, 8) = 0 <0.000001>
7476  17:23:34.830688 rt_sigaction(SIGRT_30, NULL, {sa_handler=SIG_DFL, sa_mask=[], sa_flags=0}, 8) = 0 <0.000001>
7476  17:23:34.830693 rt_sigaction(SIGRT_31, NULL, {sa_handler=SIG_DFL, sa_mask=[], sa_flags=0}, 8) = 0 <0.000001>
7476  17:23:34.830699 rt_sigaction(SIGRT_32, NULL, {sa_handler=SIG_DFL, sa_mask=[], sa_flags=0}, 8) = 0 <0.000001>
7476  17:23:34.830705 rt_sigaction(SIGRT_2, {sa_handler=0xe1fdc1f30e60, sa_mask=~[RTMIN RT_1], sa_flags=SA_SIGINFO}, NULL, 8) = 0 <0.000001>
7476  17:23:34.831283 mmap(NULL, 4096, PROT_READ|PROT_WRITE, MAP_PRIVATE|MAP_ANONYMOUS, -1, 0) = 0xe1fdc2390000 <0.000003>
7476  17:23:34.831295 mmap(NULL, 4096, PROT_READ|PROT_WRITE, MAP_PRIVATE|MAP_ANONYMOUS, -1, 0) = 0xe1fdc238f000 <0.000003>
7476  17:23:34.831522 futex(0xe1fdc22a8900, FUTEX_WAKE_PRIVATE, 2147483647) = 0 <0.000002>
7476  17:23:34.831622 futex(0xe1fdc22a8900, FUTEX_WAKE_PRIVATE, 2147483647) = 0 <0.000002>
7476  17:23:34.831777 futex(0xe1fdc22a8900, FUTEX_WAKE_PRIVATE, 2147483647) = 0 <0.000002>
7476  17:23:34.831784 futex(0xe1fdc22a8900, FUTEX_WAKE_PRIVATE, 2147483647) = 0 <0.000001>
7476  17:23:34.831800 futex(0xe1fdc22a8900, FUTEX_WAKE_PRIVATE, 2147483647) = 0 <0.000002>
7476  17:23:34.831814 gettid()          = 7476 <0.000001>
7476  17:23:34.832024 mmap(0x555555615000, 8192, PROT_READ|PROT_WRITE, MAP_PRIVATE|MAP_ANONYMOUS|MAP_FIXED_NOREPLACE, -1, 0) = 0x555555615000 <0.000003>
7476  17:23:34.832064 mmap(0x555555615000, 4096, PROT_NONE, MAP_PRIVATE|MAP_FIXED|MAP_ANONYMOUS, -1, 0) = 0x555555615000 <0.000004>
7476  17:23:34.832195 mmap(NULL, 4096, PROT_READ|PROT_WRITE, MAP_PRIVATE|MAP_ANONYMOUS, -1, 0) = 0xe1fdc238e000 <0.000002>
7476  17:23:34.832208 futex(0xe1fdc22a8900, FUTEX_WAKE_PRIVATE, 2147483647) = 0 <0.000001>
7476  17:23:34.832432 mmap(NULL, 4096, PROT_READ|PROT_WRITE, MAP_PRIVATE|MAP_ANONYMOUS, -1, 0) = 0xe1fdc238d000 <0.000003>
7476  17:23:34.832790 futex(0xe1fdc22a8900, FUTEX_WAKE_PRIVATE, 2147483647) = 0 <0.000001>
7476  17:23:34.833666 mmap(NULL, 4096, PROT_READ|PROT_WRITE, MAP_PRIVATE|MAP_ANONYMOUS, -1, 0) = 0xe1fdc238c000 <0.000002>
7476  17:23:34.834473 rt_sigprocmask(SIG_SETMASK, ~[RTMIN RT_1], NULL, 8) = 0 <0.000002>
7476  17:23:34.834482 rt_sigprocmask(SIG_SETMASK, ~[RTMIN RT_1], NULL, 8) = 0 <0.000001>
7476  17:23:34.834490 rt_sigprocmask(SIG_SETMASK, [], NULL, 8) = 0 <0.000001>
7476  17:23:34.834530 mmap(NULL, 143360, PROT_NONE, MAP_PRIVATE|MAP_ANONYMOUS, -1, 0) = 0xe1fdc2369000 <0.000002>
7476  17:23:34.834549 mprotect(0xe1fdc236b000, 135168, PROT_READ|PROT_WRITE) = 0 <0.000003>
7476  17:23:34.834594 rt_sigprocmask(SIG_SETMASK, ~[RTMIN RT_1], NULL, 8) = 0 <0.000001>
7476  17:23:34.834601 rt_sigprocmask(SIG_SETMASK, ~[RTMIN RT_1], NULL, 8) = 0 <0.000001>
7476  17:23:34.834607 rt_sigprocmask(SIG_SETMASK, ~[ABRT BUS KILL SEGV STOP RTMIN RT_1 RT_2 RT_4 RT_5 RT_6], NULL, 8) = 0 <0.000001>
7476  17:23:34.834752 mmap(NULL, 4096, PROT_READ|PROT_WRITE, MAP_PRIVATE|MAP_ANONYMOUS, -1, 0) = 0xe1fdc2368000 <0.000004>
7476  17:23:34.834761 rt_sigprocmask(SIG_BLOCK, ~[RTMIN RT_1], ~[ABRT BUS KILL SEGV STOP RTMIN RT_1 RT_2 RT_4 RT_5 RT_6], 8) = 0 <0.000001>
7476  17:23:34.834769 mmap(NULL, 327680, PROT_READ|PROT_WRITE, MAP_PRIVATE|MAP_ANONYMOUS|MAP_STACK, -1, 0) = 0xe1fdc2318000 <0.000002>
7476  17:23:34.834775 madvise(0xe1fdc2318000, 65536, MADV_GUARD_INSTALL) = 0 <0.000003>
7476  17:23:34.834783 rt_sigprocmask(SIG_BLOCK, ~[], ~[KILL STOP RTMIN RT_1], 8) = 0 <0.000001>
7476  17:23:34.834791 clone3({flags=CLONE_VM|CLONE_FS|CLONE_FILES|CLONE_SIGHAND|CLONE_THREAD|CLONE_SYSVSEM|CLONE_SETTLS|CLONE_PARENT_SETTID|CLONE_CHILD_CLEARTID, child_tid=0xe1fdc23677c8, parent_tid=0xe1fdc2367470, exit_signal=0, stack=0xe1fdc2318000, stack_size=0x4ec80, tls=0xe1fdc2367ac0} <unfinished ...>
7478  17:23:34.834812 rseq(0xe1fdc2367c80, 0x21, 0, 0xd428bc00 <unfinished ...>
7476  17:23:34.834816 <... clone3 resumed> => {parent_tid=[7478]}, 88) = 7478 <0.000022>
7476  17:23:34.834821 rt_sigprocmask(SIG_SETMASK, ~[KILL STOP RTMIN RT_1] <unfinished ...>
7478  17:23:34.834825 <... rseq resumed>) = 0 <0.000011>
7476  17:23:34.834828 <... rt_sigprocmask resumed>, NULL, 8) = 0 <0.000005>
7478  17:23:34.834832 set_robust_list(0xe1fdc2367480, 24 <unfinished ...>
7476  17:23:34.834836 rt_sigprocmask(SIG_SETMASK, ~[ABRT BUS KILL SEGV STOP RTMIN RT_1 RT_2 RT_4 RT_5 RT_6] <unfinished ...>
7478  17:23:34.834840 <... set_robust_list resumed>) = 0 <0.000006>
7476  17:23:34.834843 <... rt_sigprocmask resumed>, NULL, 8) = 0 <0.000005>
7478  17:23:34.834847 rt_sigprocmask(SIG_SETMASK, ~[KILL STOP RTMIN RT_1] <unfinished ...>
7476  17:23:34.834851 futex(0xffffd4208a58, FUTEX_WAIT_BITSET_PRIVATE|FUTEX_CLOCK_REALTIME, 0, NULL, FUTEX_BITSET_MATCH_ANY <unfinished ...>
7478  17:23:34.834854 <... rt_sigprocmask resumed>, NULL, 8) = 0 <0.000005>
7478  17:23:34.834863 gettid()          = 7478 <0.000001>
7478  17:23:34.834869 gettid()          = 7478 <0.000001>
7478  17:23:34.834875 rt_sigprocmask(SIG_SETMASK, ~[ABRT BUS KILL SEGV STOP RTMIN RT_1 RT_2 RT_4 RT_5 RT_6], NULL, 8) = 0 <0.000001>
7478  17:23:34.834882 futex(0xffffd4208a58, FUTEX_WAKE_PRIVATE, 2147483647) = 1 <0.000002>
7476  17:23:34.834888 <... futex resumed>) = 0 <0.000035>
7476  17:23:34.834891 futex(0xffffd4208a08, FUTEX_WAIT_PRIVATE, 2, NULL <unfinished ...>
7478  17:23:34.834895 futex(0xffffd4208a08, FUTEX_WAKE_PRIVATE, 1 <unfinished ...>
7476  17:23:34.834898 <... futex resumed>) = -1 EAGAIN (Resource temporarily unavailable) <0.000005>
7478  17:23:34.834902 <... futex resumed>) = 0 <0.000006>
7478  17:23:34.834906 futex(0xe1fdc22a7808, FUTEX_WAIT_PRIVATE, 2, NULL <unfinished ...>
7476  17:23:34.834909 futex(0xffffd4208a08, FUTEX_WAKE_PRIVATE, 1) = 0 <0.000002>
7476  17:23:34.834915 futex(0xe1fdc22a7808, FUTEX_WAKE_PRIVATE, 1) = 1 <0.000002>
7478  17:23:34.834921 <... futex resumed>) = 0 <0.000014>
7476  17:23:34.834946 futex(0xe1fdc22a8900, FUTEX_WAKE_PRIVATE, 2147483647 <unfinished ...>
7478  17:23:34.834950 futex(0xe1fdc22a7808, FUTEX_WAKE_PRIVATE, 1) = 0 <0.000001>
7478  17:23:34.834956 futex(0xe1fdc22a6f40, FUTEX_WAIT_PRIVATE, 2, NULL <unfinished ...>
7476  17:23:34.834960 <... futex resumed>) = 0 <0.000011>
7476  17:23:34.834968 futex(0xe1fdc22a6f40, FUTEX_WAKE_PRIVATE, 1) = 1 <0.000002>
7478  17:23:34.834974 <... futex resumed>) = 0 <0.000016>
7478  17:23:34.834981 mmap(NULL, 134217728, PROT_NONE, MAP_PRIVATE|MAP_ANONYMOUS, -1, 0) = 0xe1fdac000000 <0.000003>
7478  17:23:34.834989 munmap(0xe1fdb0000000, 67108864) = 0 <0.000004>
7478  17:23:34.834997 mprotect(0xe1fdac000000, 2097152, PROT_READ|PROT_WRITE) = 0 <0.000002>
7476  17:23:34.835005 futex(0xe1fdc22a6f40, FUTEX_WAIT_PRIVATE, 2, NULL <unfinished ...>
7478  17:23:34.835008 madvise(0xe1fdac000000, 2097152, MADV_HUGEPAGE) = 0 <0.000002>
7478  17:23:34.835228 futex(0xe1fdc22a6f40, FUTEX_WAKE_PRIVATE, 1) = 1 <0.000002>
7476  17:23:34.835235 <... futex resumed>) = 0 <0.000228>
7476  17:23:34.835247 futex(0xe1fdc22a6f40, FUTEX_WAKE_PRIVATE, 1 <unfinished ...>
7478  17:23:34.835261 rt_sigprocmask(SIG_SETMASK, ~[RTMIN RT_1] <unfinished ...>
7476  17:23:34.835266 <... futex resumed>) = 0 <0.000016>
7476  17:23:34.835276 rt_sigprocmask(SIG_SETMASK, ~[RTMIN RT_1] <unfinished ...>
7478  17:23:34.835280 <... rt_sigprocmask resumed>, NULL, 8) = 0 <0.000016>
7478  17:23:34.835283 rt_sigprocmask(SIG_SETMASK, ~[RTMIN RT_1] <unfinished ...>
7476  17:23:34.835287 <... rt_sigprocmask resumed>, NULL, 8) = 0 <0.000009>
7478  17:23:34.835291 <... rt_sigprocmask resumed>, NULL, 8) = 0 <0.000005>
7476  17:23:34.835294 rt_sigprocmask(SIG_SETMASK, ~[RTMIN RT_1] <unfinished ...>
7478  17:23:34.835298 rt_sigprocmask(SIG_SETMASK, [] <unfinished ...>
7476  17:23:34.835302 <... rt_sigprocmask resumed>, NULL, 8) = 0 <0.000006>
7478  17:23:34.835305 <... rt_sigprocmask resumed>, NULL, 8) = 0 <0.000005>
7476  17:23:34.835309 rt_sigprocmask(SIG_SETMASK, [] <unfinished ...>
7478  17:23:34.835324 futex(0xe1fdc22a8900, FUTEX_WAKE_PRIVATE, 2147483647 <unfinished ...>
7476  17:23:34.835327 <... rt_sigprocmask resumed>, NULL, 8) = 0 <0.000017>
7476  17:23:34.835331 futex(0xe1fdc22a6f40, FUTEX_WAIT_PRIVATE, 2, NULL <unfinished ...>
7478  17:23:34.835335 <... futex resumed>) = 0 <0.000009>
7478  17:23:34.835343 futex(0xe1fdc22a6f40, FUTEX_WAKE_PRIVATE, 1) = 1 <0.000002>
7476  17:23:34.835349 <... futex resumed>) = 0 <0.000017>
7476  17:23:34.835355 futex(0xe1fdc22a6f40, FUTEX_WAKE_PRIVATE, 1) = 0 <0.000001>
7476  17:23:34.835438 mmap(NULL, 143360, PROT_NONE, MAP_PRIVATE|MAP_ANONYMOUS, -1, 0 <unfinished ...>
7478  17:23:34.835442 futex(0xe1fdc22a6f40, FUTEX_WAIT_PRIVATE, 2, NULL <unfinished ...>
7476  17:23:34.835447 <... mmap resumed>) = 0xe1fdc22f5000 <0.000007>
7476  17:23:34.835451 futex(0xe1fdc22a6f40, FUTEX_WAKE_PRIVATE, 1) = 1 <0.000003>
7478  17:23:34.835457 <... futex resumed>) = 0 <0.000013>
7478  17:23:34.835462 futex(0xe1fdc22a6f40, FUTEX_WAKE_PRIVATE, 1) = 0 <0.000002>
7478  17:23:34.835523 futex(0xe1fdc22a8900, FUTEX_WAKE_PRIVATE, 2147483647 <unfinished ...>
7476  17:23:34.835527 futex(0xe1fdc22a6f40, FUTEX_WAIT_PRIVATE, 2, NULL <unfinished ...>
7478  17:23:34.835531 <... futex resumed>) = 0 <0.000006>
7478  17:23:34.835539 futex(0xe1fdc22a6f40, FUTEX_WAKE_PRIVATE, 1) = 1 <0.000002>
7476  17:23:34.835544 <... futex resumed>) = 0 <0.000016>
7476  17:23:34.835550 futex(0xe1fdc22a6f40, FUTEX_WAKE_PRIVATE, 1) = 0 <0.000001>
7476  17:23:34.835572 mprotect(0xe1fdc22f7000, 135168, PROT_READ|PROT_WRITE <unfinished ...>
7478  17:23:34.835576 futex(0xe1fdc22a6f40, FUTEX_WAIT_PRIVATE, 2, NULL <unfinished ...>
7476  17:23:34.835582 <... mprotect resumed>) = 0 <0.000007>
7476  17:23:34.835585 futex(0xe1fdc22a6f40, FUTEX_WAKE_PRIVATE, 1) = 1 <0.000001>
7478  17:23:34.835590 <... futex resumed>) = 0 <0.000013>
7478  17:23:34.835595 futex(0xe1fdc22a6f40, FUTEX_WAKE_PRIVATE, 1) = 0 <0.000001>
7478  17:23:34.835662 futex(0xe1fdc238be74, FUTEX_WAIT_PRIVATE, 2, NULL <unfinished ...>
7476  17:23:34.835719 rt_sigprocmask(SIG_SETMASK, ~[RTMIN RT_1], NULL, 8) = 0 <0.000002>
7476  17:23:34.835728 rt_sigprocmask(SIG_SETMASK, ~[RTMIN RT_1], NULL, 8) = 0 <0.000001>
7476  17:23:34.835734 rt_sigprocmask(SIG_SETMASK, ~[ABRT BUS KILL SEGV STOP RTMIN RT_1 RT_2 RT_4 RT_5 RT_6], NULL, 8) = 0 <0.000001>
7476  17:23:34.835848 mmap(NULL, 4096, PROT_READ|PROT_WRITE, MAP_PRIVATE|MAP_ANONYMOUS, -1, 0) = 0xe1fdc22f4000 <0.000003>
7476  17:23:34.835857 rt_sigprocmask(SIG_BLOCK, ~[RTMIN RT_1], ~[ABRT BUS KILL SEGV STOP RTMIN RT_1 RT_2 RT_4 RT_5 RT_6], 8) = 0 <0.000001>
7476  17:23:34.835865 mmap(NULL, 327680, PROT_READ|PROT_WRITE, MAP_PRIVATE|MAP_ANONYMOUS|MAP_STACK, -1, 0) = 0xe1fdc0d9f000 <0.000003>
7476  17:23:34.835873 madvise(0xe1fdc0d9f000, 65536, MADV_GUARD_INSTALL) = 0 <0.000002>
7476  17:23:34.835880 rt_sigprocmask(SIG_BLOCK, ~[], ~[KILL STOP RTMIN RT_1], 8) = 0 <0.000002>
7476  17:23:34.835888 clone3({flags=CLONE_VM|CLONE_FS|CLONE_FILES|CLONE_SIGHAND|CLONE_THREAD|CLONE_SYSVSEM|CLONE_SETTLS|CLONE_PARENT_SETTID|CLONE_CHILD_CLEARTID, child_tid=0xe1fdc0dee7c8, parent_tid=0xe1fdc0dee470, exit_signal=0, stack=0xe1fdc0d9f000, stack_size=0x4ec80, tls=0xe1fdc0deeac0} <unfinished ...>
7479  17:23:34.835908 rseq(0xe1fdc0deec80, 0x21, 0, 0xd428bc00 <unfinished ...>
7476  17:23:34.835912 <... clone3 resumed> => {parent_tid=[7479]}, 88) = 7479 <0.000021>
7476  17:23:34.835917 rt_sigprocmask(SIG_SETMASK, ~[KILL STOP RTMIN RT_1], NULL, 8) = 0 <0.000001>
7479  17:23:34.835924 <... rseq resumed>) = 0 <0.000013>
7476  17:23:34.835927 rt_sigprocmask(SIG_SETMASK, ~[ABRT BUS KILL SEGV STOP RTMIN RT_1 RT_2 RT_4 RT_5 RT_6] <unfinished ...>
7479  17:23:34.835932 set_robust_list(0xe1fdc0dee480, 24 <unfinished ...>
7476  17:23:34.835935 <... rt_sigprocmask resumed>, NULL, 8) = 0 <0.000005>
7479  17:23:34.835938 <... set_robust_list resumed>) = 0 <0.000005>
7476  17:23:34.835942 futex(0xffffd4208a58, FUTEX_WAIT_BITSET_PRIVATE|FUTEX_CLOCK_REALTIME, 0, NULL, FUTEX_BITSET_MATCH_ANY <unfinished ...>
7479  17:23:34.835945 rt_sigprocmask(SIG_SETMASK, ~[KILL STOP RTMIN RT_1], NULL, 8) = 0 <0.000002>
7479  17:23:34.835952 gettid()          = 7479 <0.000001>
7479  17:23:34.835958 gettid()          = 7479 <0.000001>
7479  17:23:34.835964 rt_sigprocmask(SIG_SETMASK, ~[ABRT BUS KILL SEGV STOP RTMIN RT_1 RT_2 RT_4 RT_5 RT_6], NULL, 8) = 0 <0.000001>
7479  17:23:34.835970 futex(0xffffd4208a58, FUTEX_WAKE_PRIVATE, 2147483647) = 1 <0.000002>
7476  17:23:34.835976 <... futex resumed>) = 0 <0.000033>
7479  17:23:34.835979 futex(0xe1fdc22a7808, FUTEX_WAIT_PRIVATE, 2, NULL <unfinished ...>
7476  17:23:34.835983 futex(0xffffd4208a08, FUTEX_WAKE_PRIVATE, 1) = 0 <0.000002>
7476  17:23:34.835989 futex(0xe1fdc22a7808, FUTEX_WAKE_PRIVATE, 1) = 1 <0.000002>
7479  17:23:34.835995 <... futex resumed>) = 0 <0.000014>
7476  17:23:34.836000 rt_sigprocmask(SIG_SETMASK, ~[RTMIN RT_1], NULL, 8) = 0 <0.000002>
7479  17:23:34.836007 futex(0xe1fdc22a7808, FUTEX_WAKE_PRIVATE, 1 <unfinished ...>
7476  17:23:34.836010 rt_sigprocmask(SIG_SETMASK, ~[RTMIN RT_1] <unfinished ...>
7479  17:23:34.836013 <... futex resumed>) = 0 <0.000005>
7476  17:23:34.836018 <... rt_sigprocmask resumed>, NULL, 8) = 0 <0.000005>
7479  17:23:34.836021 rt_sigprocmask(SIG_SETMASK, ~[RTMIN RT_1] <unfinished ...>
7476  17:23:34.836025 rt_sigprocmask(SIG_SETMASK, [] <unfinished ...>
7479  17:23:34.836028 <... rt_sigprocmask resumed>, NULL, 8) = 0 <0.000005>
7476  17:23:34.836032 <... rt_sigprocmask resumed>, NULL, 8) = 0 <0.000004>
7479  17:23:34.836035 rt_sigprocmask(SIG_SETMASK, ~[RTMIN RT_1] <unfinished ...>
7476  17:23:34.836038 mmap(NULL, 143360, PROT_NONE, MAP_PRIVATE|MAP_ANONYMOUS, -1, 0) = 0xe1fdc22d1000 <0.000003>
7479  17:23:34.836044 <... rt_sigprocmask resumed>, NULL, 8) = 0 <0.000006>
7476  17:23:34.836048 mprotect(0xe1fdc22d3000, 135168, PROT_READ|PROT_WRITE <unfinished ...>
7479  17:23:34.836052 rt_sigprocmask(SIG_SETMASK, [] <unfinished ...>
7476  17:23:34.836056 <... mprotect resumed>) = 0 <0.000005>
7479  17:23:34.836057 <... rt_sigprocmask resumed>, NULL, 8) = 0 <0.000003>
7476  17:23:34.836062 futex(0xe1fdc22a6f40, FUTEX_WAKE_PRIVATE, 1 <unfinished ...>
7479  17:23:34.836064 futex(0xe1fdc22a6f40, FUTEX_WAIT_PRIVATE, 2, NULL <unfinished ...>
7476  17:23:34.836066 <... futex resumed>) = 0 <0.000003>
7476  17:23:34.836071 rt_sigprocmask(SIG_SETMASK, ~[RTMIN RT_1] <unfinished ...>
7479  17:23:34.836073 <... futex resumed>) = -1 EAGAIN (Resource temporarily unavailable) <0.000007>
7476  17:23:34.836081 <... rt_sigprocmask resumed>, NULL, 8) = 0 <0.000008>
7479  17:23:34.836084 mmap(0xe1fdb0000000, 67108864, PROT_NONE, MAP_PRIVATE|MAP_ANONYMOUS, -1, 0 <unfinished ...>
7476  17:23:34.836086 rt_sigprocmask(SIG_SETMASK, ~[RTMIN RT_1], NULL, 8) = 0 <0.000003>
7479  17:23:34.836092 <... mmap resumed>) = 0xe1fdb0000000 <0.000006>
7476  17:23:34.836096 rt_sigprocmask(SIG_SETMASK, ~[ABRT BUS KILL SEGV STOP RTMIN RT_1 RT_2 RT_4 RT_5 RT_6] <unfinished ...>
7479  17:23:34.836099 mprotect(0xe1fdb0000000, 2097152, PROT_READ|PROT_WRITE <unfinished ...>
7476  17:23:34.836101 <... rt_sigprocmask resumed>, NULL, 8) = 0 <0.000003>
7476  17:23:34.836163 futex(0xe1fdc22a6f40, FUTEX_WAIT_PRIVATE, 2, NULL <unfinished ...>
7479  17:23:34.836165 <... mprotect resumed>) = 0 <0.000064>
7479  17:23:34.836169 madvise(0xe1fdb0000000, 2097152, MADV_HUGEPAGE) = 0 <0.000002>
7476  17:23:34.836395 <... futex resumed>) = -1 EAGAIN (Resource temporarily unavailable) <0.000230>
7479  17:23:34.836400 futex(0xe1fdc22a6f40, FUTEX_WAKE_PRIVATE, 1 <unfinished ...>
7476  17:23:34.836402 mmap(NULL, 4096, PROT_READ|PROT_WRITE, MAP_PRIVATE|MAP_ANONYMOUS, -1, 0) = 0xe1fdc22d0000 <0.000003>
7476  17:23:34.836410 futex(0xe1fdc22a6f40, FUTEX_WAKE_PRIVATE, 1) = 0 <0.000001>
7476  17:23:34.836416 rt_sigprocmask(SIG_BLOCK, ~[RTMIN RT_1], ~[ABRT BUS KILL SEGV STOP RTMIN RT_1 RT_2 RT_4 RT_5 RT_6], 8) = 0 <0.000001>
7476  17:23:34.836423 mmap(NULL, 327680, PROT_READ|PROT_WRITE, MAP_PRIVATE|MAP_ANONYMOUS|MAP_STACK, -1, 0) = 0xe1fdc0d4f000 <0.000002>
7476  17:23:34.836429 madvise(0xe1fdc0d4f000, 65536, MADV_GUARD_INSTALL) = 0 <0.000002>
7476  17:23:34.836436 rt_sigprocmask(SIG_BLOCK, ~[], ~[KILL STOP RTMIN RT_1], 8) = 0 <0.000001>
7476  17:23:34.836442 clone3({flags=CLONE_VM|CLONE_FS|CLONE_FILES|CLONE_SIGHAND|CLONE_THREAD|CLONE_SYSVSEM|CLONE_SETTLS|CLONE_PARENT_SETTID|CLONE_CHILD_CLEARTID, child_tid=0xe1fdc0d9e7c8, parent_tid=0xe1fdc0d9e470, exit_signal=0, stack=0xe1fdc0d4f000, stack_size=0x4ec80, tls=0xe1fdc0d9eac0} => {parent_tid=[7480]}, 88) = 7480 <0.000011>
7476  17:23:34.836459 rt_sigprocmask(SIG_SETMASK, ~[KILL STOP RTMIN RT_1], NULL, 8) = 0 <0.000001>
7476  17:23:34.836465 rt_sigprocmask(SIG_SETMASK, ~[ABRT BUS KILL SEGV STOP RTMIN RT_1 RT_2 RT_4 RT_5 RT_6], NULL, 8) = 0 <0.000001>
7476  17:23:34.836471 futex(0xffffd4208a58, FUTEX_WAIT_BITSET_PRIVATE|FUTEX_CLOCK_REALTIME, 0, NULL, FUTEX_BITSET_MATCH_ANY <unfinished ...>
7479  17:23:34.836475 <... futex resumed>) = 0 <0.000073>
7479  17:23:34.836479 futex(0xe1fdc2317e74, FUTEX_WAIT_PRIVATE, 2, NULL <unfinished ...>
7480  17:23:34.836489 rseq(0xe1fdc0d9ec80, 0x21, 0, 0xd428bc00) = 0 <0.000001>
7480  17:23:34.836496 set_robust_list(0xe1fdc0d9e480, 24) = 0 <0.000001>
7480  17:23:34.836501 rt_sigprocmask(SIG_SETMASK, ~[KILL STOP RTMIN RT_1], NULL, 8) = 0 <0.000001>
7480  17:23:34.836507 gettid()          = 7480 <0.000001>
7480  17:23:34.836512 gettid()          = 7480 <0.000001>
7480  17:23:34.836517 rt_sigprocmask(SIG_SETMASK, ~[ABRT BUS KILL SEGV STOP RTMIN RT_1 RT_2 RT_4 RT_5 RT_6], NULL, 8) = 0 <0.000001>
7480  17:23:34.836523 futex(0xffffd4208a58, FUTEX_WAKE_PRIVATE, 2147483647) = 1 <0.000002>
7476  17:23:34.836529 <... futex resumed>) = 0 <0.000056>
7476  17:23:34.836532 futex(0xffffd4208a08, FUTEX_WAIT_PRIVATE, 2, NULL <unfinished ...>
7480  17:23:34.836535 futex(0xffffd4208a08, FUTEX_WAKE_PRIVATE, 1) = 1 <0.000002>
7476  17:23:34.836541 <... futex resumed>) = 0 <0.000007>
7476  17:23:34.836544 futex(0xffffd4208a08, FUTEX_WAKE_PRIVATE, 1) = 0 <0.000001>
7476  17:23:34.836549 rt_sigprocmask(SIG_SETMASK, ~[RTMIN RT_1], NULL, 8) = 0 <0.000001>
7476  17:23:34.836555 rt_sigprocmask(SIG_SETMASK, ~[RTMIN RT_1], NULL, 8) = 0 <0.000001>
7476  17:23:34.836561 rt_sigprocmask(SIG_SETMASK, [], NULL, 8) = 0 <0.000001>
7476  17:23:34.836567 mmap(NULL, 143360, PROT_NONE, MAP_PRIVATE|MAP_ANONYMOUS, -1, 0) = 0xe1fdc0d2c000 <0.000002>
7476  17:23:34.836574 mprotect(0xe1fdc0d2e000, 135168, PROT_READ|PROT_WRITE) = 0 <0.000003>
7476  17:23:34.836582 rt_sigprocmask(SIG_SETMASK, ~[RTMIN RT_1], NULL, 8) = 0 <0.000001>
7476  17:23:34.836588 rt_sigprocmask(SIG_SETMASK, ~[RTMIN RT_1], NULL, 8) = 0 <0.000001>
7476  17:23:34.836594 rt_sigprocmask(SIG_SETMASK, ~[ABRT BUS KILL SEGV STOP RTMIN RT_1 RT_2 RT_4 RT_5 RT_6], NULL, 8) = 0 <0.000001>
7476  17:23:34.836628 brk(0xaaaad9a00000) = 0xaaaad9a00000 <0.000002>
7476  17:23:34.836635 madvise(0xaaaad9800000, 2097152, MADV_HUGEPAGE) = 0 <0.000006>
7476  17:23:34.836863 mmap(NULL, 4096, PROT_READ|PROT_WRITE, MAP_PRIVATE|MAP_ANONYMOUS, -1, 0 <unfinished ...>
7480  17:23:34.836865 futex(0xe1fdc22a7808, FUTEX_WAIT_PRIVATE, 2, NULL <unfinished ...>
7476  17:23:34.836870 <... mmap resumed>) = 0xe1fdc22cf000 <0.000005>
7476  17:23:34.836874 rt_sigprocmask(SIG_BLOCK, ~[RTMIN RT_1], ~[ABRT BUS KILL SEGV STOP RTMIN RT_1 RT_2 RT_4 RT_5 RT_6], 8) = 0 <0.000001>
7476  17:23:34.836881 mmap(NULL, 327680, PROT_READ|PROT_WRITE, MAP_PRIVATE|MAP_ANONYMOUS|MAP_STACK, -1, 0) = 0xe1fdc0cdc000 <0.000002>
7476  17:23:34.836887 madvise(0xe1fdc0cdc000, 65536, MADV_GUARD_INSTALL) = 0 <0.000002>
7476  17:23:34.836894 rt_sigprocmask(SIG_BLOCK, ~[], ~[KILL STOP RTMIN RT_1], 8) = 0 <0.000001>
7476  17:23:34.836901 clone3({flags=CLONE_VM|CLONE_FS|CLONE_FILES|CLONE_SIGHAND|CLONE_THREAD|CLONE_SYSVSEM|CLONE_SETTLS|CLONE_PARENT_SETTID|CLONE_CHILD_CLEARTID, child_tid=0xe1fdc0d2b7c8, parent_tid=0xe1fdc0d2b470, exit_signal=0, stack=0xe1fdc0cdc000, stack_size=0x4ec80, tls=0xe1fdc0d2bac0} <unfinished ...>
7481  17:23:34.836919 rseq(0xe1fdc0d2bc80, 0x21, 0, 0xd428bc00 <unfinished ...>
7476  17:23:34.836923 <... clone3 resumed> => {parent_tid=[7481]}, 88) = 7481 <0.000019>
7476  17:23:34.836928 rt_sigprocmask(SIG_SETMASK, ~[KILL STOP RTMIN RT_1] <unfinished ...>
7481  17:23:34.836932 <... rseq resumed>) = 0 <0.000010>
7476  17:23:34.836935 <... rt_sigprocmask resumed>, NULL, 8) = 0 <0.000005>
7481  17:23:34.836939 set_robust_list(0xe1fdc0d2b480, 24 <unfinished ...>
7476  17:23:34.836942 rt_sigprocmask(SIG_SETMASK, ~[ABRT BUS KILL SEGV STOP RTMIN RT_1 RT_2 RT_4 RT_5 RT_6] <unfinished ...>
7481  17:23:34.836946 <... set_robust_list resumed>) = 0 <0.000005>
7476  17:23:34.836949 <... rt_sigprocmask resumed>, NULL, 8) = 0 <0.000005>
7481  17:23:34.836953 rt_sigprocmask(SIG_SETMASK, ~[KILL STOP RTMIN RT_1] <unfinished ...>
7476  17:23:34.836957 futex(0xffffd4208a58, FUTEX_WAIT_BITSET_PRIVATE|FUTEX_CLOCK_REALTIME, 0, NULL, FUTEX_BITSET_MATCH_ANY <unfinished ...>
7481  17:23:34.836960 <... rt_sigprocmask resumed>, NULL, 8) = 0 <0.000005>
7481  17:23:34.836964 gettid()          = 7481 <0.000001>
7481  17:23:34.836969 gettid()          = 7481 <0.000001>
7481  17:23:34.836975 rt_sigprocmask(SIG_SETMASK, ~[ABRT BUS KILL SEGV STOP RTMIN RT_1 RT_2 RT_4 RT_5 RT_6], NULL, 8) = 0 <0.000002>
7481  17:23:34.836983 futex(0xffffd4208a58, FUTEX_WAKE_PRIVATE, 2147483647) = 1 <0.000002>
7476  17:23:34.836989 <... futex resumed>) = 0 <0.000030>
7476  17:23:34.836992 futex(0xffffd4208a08, FUTEX_WAIT_PRIVATE, 2, NULL <unfinished ...>
7481  17:23:34.836996 futex(0xffffd4208a08, FUTEX_WAKE_PRIVATE, 1 <unfinished ...>
7476  17:23:34.836999 <... futex resumed>) = -1 EAGAIN (Resource temporarily unavailable) <0.000005>
7481  17:23:34.837003 <... futex resumed>) = 0 <0.000005>
7476  17:23:34.837006 futex(0xffffd4208a08, FUTEX_WAKE_PRIVATE, 1 <unfinished ...>
7481  17:23:34.837009 futex(0xe1fdc22a7808, FUTEX_WAIT_PRIVATE, 2, NULL <unfinished ...>
7476  17:23:34.837012 <... futex resumed>) = 0 <0.000005>
7476  17:23:34.837016 futex(0xe1fdc22a7808, FUTEX_WAKE_PRIVATE, 1) = 1 <0.000002>
7480  17:23:34.837022 <... futex resumed>) = 0 <0.000155>
7480  17:23:34.837025 futex(0xe1fdc22a7808, FUTEX_WAKE_PRIVATE, 1) = 1 <0.000002>
7480  17:23:34.837032 rt_sigprocmask(SIG_SETMASK, ~[RTMIN RT_1], NULL, 8) = 0 <0.000001>
7480  17:23:34.837038 rt_sigprocmask(SIG_SETMASK, ~[RTMIN RT_1], NULL, 8) = 0 <0.000001>
7480  17:23:34.837045 rt_sigprocmask(SIG_SETMASK, [], NULL, 8) = 0 <0.000001>
7480  17:23:34.837053 futex(0xe1fdc22f3e74, FUTEX_WAIT_PRIVATE, 2, NULL <unfinished ...>
7481  17:23:34.837057 <... futex resumed>) = 0 <0.000046>
7481  17:23:34.837060 futex(0xe1fdc22a7808, FUTEX_WAKE_PRIVATE, 1) = 0 <0.000001>
7481  17:23:34.837066 rt_sigprocmask(SIG_SETMASK, ~[RTMIN RT_1], NULL, 8) = 0 <0.000001>
7481  17:23:34.837073 rt_sigprocmask(SIG_SETMASK, ~[RTMIN RT_1], NULL, 8) = 0 <0.000001>
7481  17:23:34.837079 rt_sigprocmask(SIG_SETMASK, [], NULL, 8) = 0 <0.000001>
7481  17:23:34.837089 futex(0xe1fdc0d4ee74, FUTEX_WAIT_PRIVATE, 2, NULL <unfinished ...>
7476  17:23:34.837095 rt_sigprocmask(SIG_SETMASK, ~[RTMIN RT_1], NULL, 8) = 0 <0.000002>
7476  17:23:34.837102 rt_sigprocmask(SIG_SETMASK, ~[RTMIN RT_1], NULL, 8) = 0 <0.000001>
7476  17:23:34.837108 rt_sigprocmask(SIG_SETMASK, [], NULL, 8) = 0 <0.000001>
7476  17:23:34.837150 faccessat(AT_FDCWD, "/usr/x86_64-linux-gnu/", F_OK) = 0 <0.000651>
7476  17:23:34.837819 newfstatat(AT_FDCWD, "/usr/x86_64-linux-gnu/", {st_mode=S_IFDIR|0755, st_size=4096, ...}, AT_SYMLINK_NOFOLLOW) = 0 <0.000003>
7476  17:23:34.838062 futex(0xe1fdc22a8900, FUTEX_WAKE_PRIVATE, 2147483647) = 0 <0.000002>
7476  17:23:34.839268 readlinkat(AT_FDCWD, "/R3ADM3.txt", 0xffffd4207650, 1023) = -1 ENOENT (No such file or directory) <0.000009>
7476  17:23:34.839287 faccessat(AT_FDCWD, "/usr/x86_64-linux-gnu/R3ADM3.txt", F_OK) = -1 ENOENT (No such file or directory) <0.000204>
7476  17:23:34.839501 openat(AT_FDCWD, "//R3ADM3.txt", O_WRONLY|O_CREAT|O_TRUNC, 0666) = 3 <0.000430>
7476  17:23:34.840062 ioctl(3, TIOCGWINSZ, 0xffffd4207b28) = -1 ENOTTY (Inappropriate ioctl for device) <0.000003>
7476  17:23:34.840260 writev(3, [{iov_base="Your data has been encrypted, and we have taken copies of certain sensitive files.\nThis encryption was carried out for financial reasons, and a payment will be required before we can provide the tools needed to restore your data.\nYou will not be able to re"..., iov_len=1005}, {iov_base=NULL, iov_len=0}], 2) = 1005 <0.000010>
7476  17:23:34.840325 close(3)          = 0 <0.000002>
7476  17:23:34.840535 openat(AT_FDCWD, "/usr/x86_64-linux-gnu/", O_RDONLY|O_CLOEXEC|O_DIRECTORY) = 3 <0.000004>
7476  17:23:34.840563 fcntl(3, F_SETFD, FD_CLOEXEC) = 0 <0.000003>
7476  17:23:34.840696 mmap(NULL, 8192, PROT_READ|PROT_WRITE, MAP_PRIVATE|MAP_ANONYMOUS, -1, 0) = 0xe1fdc22cd000 <0.000009>
7476  17:23:34.840863 getdents64(3, 0xaaaad9813cf0 /* 4 entries */, 2048) = 104 <0.000009>
7476  17:23:34.840952 faccessat(AT_FDCWD, "/usr/x86_64-linux-gnu/lib64", F_OK) = 0 <0.000005>
7476  17:23:34.840963 newfstatat(AT_FDCWD, "/usr/x86_64-linux-gnu/lib64", {st_mode=S_IFDIR|0755, st_size=4096, ...}, AT_SYMLINK_NOFOLLOW) = 0 <0.000002>
7476  17:23:34.840996 readlinkat(AT_FDCWD, "/lib64", 0xffffd4207650, 1023) = -1 ENOENT (No such file or directory) <0.000002>
7476  17:23:34.841004 faccessat(AT_FDCWD, "/usr/x86_64-linux-gnu/lib64/R3ADM3.txt", F_OK) = -1 ENOENT (No such file or directory) <0.000185>
7476  17:23:34.841202 openat(AT_FDCWD, "//lib64/R3ADM3.txt", O_WRONLY|O_CREAT|O_TRUNC, 0666) = -1 ENOENT (No such file or directory) <0.000003>
7476  17:23:34.841229 readlinkat(AT_FDCWD, "/lib64", 0xffffd4207650, 1023) = -1 ENOENT (No such file or directory) <0.000002>
7476  17:23:34.841244 openat(AT_FDCWD, "/usr/x86_64-linux-gnu/lib64", O_RDONLY|O_CLOEXEC|O_DIRECTORY) = 4 <0.000005>
7476  17:23:34.841257 fcntl(4, F_SETFD, FD_CLOEXEC) = 0 <0.000002>
7476  17:23:34.841314 getdents64(4, 0xaaaad9814920 /* 3 entries */, 2048) = 88 <0.000005>
7476  17:23:34.841353 faccessat(AT_FDCWD, "/usr/x86_64-linux-gnu/lib64/ld-linux-x86-64.so.2", F_OK) = 0 <0.000063>
7476  17:23:34.841426 newfstatat(AT_FDCWD, "/usr/x86_64-linux-gnu/lib64/ld-linux-x86-64.so.2", {st_mode=S_IFLNK|0777, st_size=27, ...}, AT_SYMLINK_NOFOLLOW) = 0 <0.000003>
7476  17:23:34.841479 getdents64(4, 0xaaaad9814910 /* 0 entries */, 2048) = 0 <0.000002>
7476  17:23:34.841524 close(4)          = 0 <0.000003>
7476  17:23:34.841587 faccessat(AT_FDCWD, "/usr/x86_64-linux-gnu/lib", F_OK) = 0 <0.000002>
7476  17:23:34.841597 newfstatat(AT_FDCWD, "/usr/x86_64-linux-gnu/lib", {st_mode=S_IFDIR|0755, st_size=4096, ...}, AT_SYMLINK_NOFOLLOW) = 0 <0.000002>
7476  17:23:34.841616 readlinkat(AT_FDCWD, "/lib", "usr/lib", 1023) = 7 <0.000003>
7476  17:23:34.841626 readlinkat(AT_FDCWD, "/usr", 0xffffd4207650, 1023) = -1 EINVAL (Invalid argument) <0.000002>
7476  17:23:34.841634 readlinkat(AT_FDCWD, "/usr/lib", 0xffffd4207650, 1023) = -1 EINVAL (Invalid argument) <0.000002>
7476  17:23:34.841642 readlinkat(AT_FDCWD, "/usr/lib/R3ADM3.txt", 0xffffd4207650, 1023) = -1 ENOENT (No such file or directory) <0.000006>
7476  17:23:34.841655 faccessat(AT_FDCWD, "/usr/x86_64-linux-gnu/lib/R3ADM3.txt", F_OK) = -1 ENOENT (No such file or directory) <0.000003>
7476  17:23:34.841664 openat(AT_FDCWD, "//lib/R3ADM3.txt", O_WRONLY|O_CREAT|O_TRUNC, 0666) = 4 <0.000206>
7476  17:23:34.841880 ioctl(4, TIOCGWINSZ, 0xffffd4207b28) = -1 ENOTTY (Inappropriate ioctl for device) <0.000002>
7476  17:23:34.841893 writev(4, [{iov_base="Your data has been encrypted, and we have taken copies of certain sensitive files.\nThis encryption was carried out for financial reasons, and a payment will be required before we can provide the tools needed to restore your data.\nYou will not be able to re"..., iov_len=1005}, {iov_base=NULL, iov_len=0}], 2) = 1005 <0.000006>
7476  17:23:34.841908 close(4)          = 0 <0.000002>
7476  17:23:34.841917 readlinkat(AT_FDCWD, "/lib", "usr/lib", 1023) = 7 <0.000002>
7476  17:23:34.841924 readlinkat(AT_FDCWD, "/usr", 0xffffd4207650, 1023) = -1 EINVAL (Invalid argument) <0.000002>
7476  17:23:34.841932 readlinkat(AT_FDCWD, "/usr/lib", 0xffffd4207650, 1023) = -1 EINVAL (Invalid argument) <0.000002>
7476  17:23:34.841939 openat(AT_FDCWD, "/usr/x86_64-linux-gnu/lib", O_RDONLY|O_CLOEXEC|O_DIRECTORY) = 4 <0.000002>
7476  17:23:34.841948 fcntl(4, F_SETFD, FD_CLOEXEC) = 0 <0.000002>
7476  17:23:34.841956 getdents64(4, 0xaaaad9814e70 /* 25 entries */, 2048) = 912 <0.000008>
7476  17:23:34.841977 faccessat(AT_FDCWD, "/usr/x86_64-linux-gnu/lib/libdl.so.2", F_OK) = 0 <0.000004>
7476  17:23:34.841988 newfstatat(AT_FDCWD, "/usr/x86_64-linux-gnu/lib/libdl.so.2", {st_mode=S_IFREG|0644, st_size=14408, ...}, AT_SYMLINK_NOFOLLOW) = 0 <0.000002>
7476  17:23:34.842182 futex(0xe1fdc238be74, FUTEX_WAKE_PRIVATE, 1) = 1 <0.000003>
7478  17:23:34.842193 <... futex resumed>) = 0 <0.006529>
7476  17:23:34.842218 faccessat(AT_FDCWD, "/usr/x86_64-linux-gnu/lib/libnss_dns.so.2", F_OK <unfinished ...>
7478  17:23:34.842283 futex(0xe1fdc22a8900, FUTEX_WAKE_PRIVATE, 2147483647 <unfinished ...>
7476  17:23:34.842290 <... faccessat resumed>) = 0 <0.000069>
7476  17:23:34.842297 newfstatat(AT_FDCWD, "/usr/x86_64-linux-gnu/lib/libnss_dns.so.2", {st_mode=S_IFREG|0644, st_size=14336, ...}, AT_SYMLINK_NOFOLLOW) = 0 <0.000002>
7476  17:23:34.842308 futex(0xe1fdc22a6f40, FUTEX_WAIT_PRIVATE, 2, NULL <unfinished ...>
7478  17:23:34.842313 <... futex resumed>) = 0 <0.000027>
7478  17:23:34.842325 futex(0xe1fdc22a6f40, FUTEX_WAKE_PRIVATE, 1) = 1 <0.000002>
7476  17:23:34.842332 <... futex resumed>) = 0 <0.000021>
7476  17:23:34.842338 futex(0xe1fdc22a6f40, FUTEX_WAKE_PRIVATE, 1) = 0 <0.000002>
7476  17:23:34.842383 futex(0xe1fdc22a8900, FUTEX_WAKE_PRIVATE, 2147483647 <unfinished ...>
7478  17:23:34.842388 futex(0xe1fdc22a6f40, FUTEX_WAIT_PRIVATE, 2, NULL <unfinished ...>
7476  17:23:34.842392 <... futex resumed>) = 0 <0.000006>
7476  17:23:34.842399 futex(0xe1fdc22a6f40, FUTEX_WAKE_PRIVATE, 1) = 1 <0.000002>
7478  17:23:34.842405 <... futex resumed>) = 0 <0.000015>
7478  17:23:34.842412 futex(0xe1fdc22a6f40, FUTEX_WAKE_PRIVATE, 1) = 0 <0.000002>
7476  17:23:34.842500 futex(0xe1fdc2317e74, FUTEX_WAKE_PRIVATE, 1 <unfinished ...>
7478  17:23:34.842503 renameat(AT_FDCWD, "//lib/libdl.so.2", AT_FDCWD, "//lib/libdl.so.2.ENCRT" <unfinished ...>
7476  17:23:34.842508 <... futex resumed>) = 1 <0.000006>
7476  17:23:34.842518 faccessat(AT_FDCWD, "/usr/x86_64-linux-gnu/lib/libnsl.so.1", F_OK) = 0 <0.000004>
7476  17:23:34.842528 newfstatat(AT_FDCWD, "/usr/x86_64-linux-gnu/lib/libnsl.so.1", {st_mode=S_IFREG|0644, st_size=100640, ...}, AT_SYMLINK_NOFOLLOW) = 0 <0.000002>
7476  17:23:34.842547 futex(0xe1fdc22f3e74, FUTEX_WAKE_PRIVATE, 1 <unfinished ...>
7479  17:23:34.842549 <... futex resumed>) = 0 <0.006068>
7476  17:23:34.842589 <... futex resumed>) = 1 <0.000040>
7480  17:23:34.842591 <... futex resumed>) = 0 <0.005536>
7479  17:23:34.842596 futex(0xe1fdc238d744, FUTEX_WAIT_PRIVATE, 2147483664, NULL <unfinished ...>
7480  17:23:34.842599 futex(0xe1fdc238d744, FUTEX_WAIT_PRIVATE, 2147483664, NULL <unfinished ...>
7478  17:23:34.842607 <... renameat resumed>) = -1 ENOENT (No such file or directory) <0.000101>
7476  17:23:34.842639 futex(0xe1fdc238d744, FUTEX_WAKE_PRIVATE, 1 <unfinished ...>
7478  17:23:34.842642 futex(0xe1fdc238d744, FUTEX_WAIT_PRIVATE, 2147483664, NULL <unfinished ...>
7476  17:23:34.842646 <... futex resumed>) = 1 <0.000005>
7480  17:23:34.842648 <... futex resumed>) = 0 <0.000047>
7480  17:23:34.842653 mmap(NULL, 134217728, PROT_NONE, MAP_PRIVATE|MAP_ANONYMOUS, -1, 0) = 0xe1fda4000000 <0.000005>
7480  17:23:34.842663 munmap(0xe1fda8000000, 67108864) = 0 <0.000004>
7480  17:23:34.842672 mprotect(0xe1fda4000000, 2097152, PROT_READ|PROT_WRITE) = 0 <0.000003>
7480  17:23:34.842680 madvise(0xe1fda4000000, 2097152, MADV_HUGEPAGE) = 0 <0.000002>
7480  17:23:34.842934 futex(0xe1fdc238d744, FUTEX_WAKE_PRIVATE, 1 <unfinished ...>
7479  17:23:34.842936 <... futex resumed>) = -1 EAGAIN (Resource temporarily unavailable) <0.000338>
7478  17:23:34.842940 <... futex resumed>) = -1 EAGAIN (Resource temporarily unavailable) <0.000297>
7476  17:23:34.842960 faccessat(AT_FDCWD, "/usr/x86_64-linux-gnu/lib/libmvec.so.1", F_OK <unfinished ...>
7478  17:23:34.842964 futex(0xe1fdc238d744, FUTEX_WAKE_PRIVATE, 1 <unfinished ...>
7476  17:23:34.842970 <... faccessat resumed>) = 0 <0.000006>
7478  17:23:34.842972 <... futex resumed>) = 0 <0.000007>
7476  17:23:34.842982 newfstatat(AT_FDCWD, "/usr/x86_64-linux-gnu/lib/libmvec.so.1" <unfinished ...>
7478  17:23:34.842985 futex(0xe1fdc238d744, FUTEX_WAKE_PRIVATE, 1 <unfinished ...>
7476  17:23:34.842989 <... newfstatat resumed>, {st_mode=S_IFREG|0644, st_size=1022240, ...}, AT_SYMLINK_NOFOLLOW) = 0 <0.000004>
7478  17:23:34.842992 <... futex resumed>) = 0 <0.000006>
7478  17:23:34.843000 renameat(AT_FDCWD, "//lib/libnsl.so.1", AT_FDCWD, "//lib/libnsl.so.1.ENCRT" <unfinished ...>
7476  17:23:34.843014 futex(0xe1fdc0d4ee74, FUTEX_WAKE_PRIVATE, 1 <unfinished ...>
7478  17:23:34.843016 <... renameat resumed>) = -1 ENOENT (No such file or directory) <0.000013>
7476  17:23:34.843022 <... futex resumed>) = 1 <0.000006>
7478  17:23:34.843024 futex(0xe1fdc238d744, FUTEX_WAIT_PRIVATE, 2147483664, NULL <unfinished ...>
7476  17:23:34.843032 futex(0xe1fdc238d744, FUTEX_WAKE_PRIVATE, 1 <unfinished ...>
7481  17:23:34.843034 <... futex resumed>) = 0 <0.005943>
7479  17:23:34.843036 futex(0xe1fdc238d744, FUTEX_WAKE_PRIVATE, 1 <unfinished ...>
7481  17:23:34.843048 futex(0xe1fdc238d744, FUTEX_WAKE_PRIVATE, 1 <unfinished ...>
7479  17:23:34.843050 <... futex resumed>) = 1 <0.000009>
7478  17:23:34.843052 <... futex resumed>) = 0 <0.000025>
7481  17:23:34.843066 <... futex resumed>) = 0 <0.000016>
7479  17:23:34.843068 renameat(AT_FDCWD, "//lib/libmvec.so.1", AT_FDCWD, "//lib/libmvec.so.1.ENCRT" <unfinished ...>
7478  17:23:34.843071 futex(0xe1fdc238be74, FUTEX_WAIT_PRIVATE, 2, NULL <unfinished ...>
7476  17:23:34.843079 <... futex resumed>) = 0 <0.000045>
7481  17:23:34.843081 futex(0xe1fdc0d4ee74, FUTEX_WAIT_PRIVATE, 2, NULL <unfinished ...>
7479  17:23:34.843082 <... renameat resumed>) = -1 ENOENT (No such file or directory) <0.000012>
7476  17:23:34.843094 faccessat(AT_FDCWD, "/usr/x86_64-linux-gnu/lib/libBrokenLocale.so.1", F_OK <unfinished ...>
7479  17:23:34.843096 futex(0xe1fdc2317e74, FUTEX_WAIT_PRIVATE, 2, NULL <unfinished ...>
7476  17:23:34.843114 <... faccessat resumed>) = 0 <0.000018>
7476  17:23:34.843118 newfstatat(AT_FDCWD, "/usr/x86_64-linux-gnu/lib/libBrokenLocale.so.1", {st_mode=S_IFREG|0644, st_size=14624, ...}, AT_SYMLINK_NOFOLLOW) = 0 <0.000002>
7476  17:23:34.843128 futex(0xe1fdc0d4ee74, FUTEX_WAKE_PRIVATE, 1) = 1 <0.000002>
7481  17:23:34.843133 <... futex resumed>) = 0 <0.000051>
7481  17:23:34.843144 futex(0xe1fdc238d744, FUTEX_WAIT_PRIVATE, 2147483664, NULL <unfinished ...>
7476  17:23:34.843148 futex(0xe1fdc238d744, FUTEX_WAKE_PRIVATE, 1) = 1 <0.000002>
7481  17:23:34.843153 <... futex resumed>) = 0 <0.000008>
7481  17:23:34.843166 renameat(AT_FDCWD, "//lib/libBrokenLocale.so.1", AT_FDCWD, "//lib/libBrokenLocale.so.1.ENCRT") = -1 ENOENT (No such file or directory) <0.000004>
7481  17:23:34.843177 futex(0xe1fdc0d4ee74, FUTEX_WAIT_PRIVATE, 2, NULL <unfinished ...>
7476  17:23:34.843186 faccessat(AT_FDCWD, "/usr/x86_64-linux-gnu/lib/libnss_hesiod.so.2", F_OK) = 0 <0.000005>
7476  17:23:34.843197 newfstatat(AT_FDCWD, "/usr/x86_64-linux-gnu/lib/libnss_hesiod.so.2", {st_mode=S_IFREG|0644, st_size=26912, ...}, AT_SYMLINK_NOFOLLOW) = 0 <0.000002>
7476  17:23:34.843206 futex(0xe1fdc238be74, FUTEX_WAKE_PRIVATE, 1) = 1 <0.000002>
7478  17:23:34.843212 <... futex resumed>) = 0 <0.000139>
7478  17:23:34.843221 futex(0xe1fdc238d744, FUTEX_WAIT_PRIVATE, 2147483664, NULL <unfinished ...>
7476  17:23:34.843226 futex(0xe1fdc238d744, FUTEX_WAKE_PRIVATE, 1) = 1 <0.000002>
7478  17:23:34.843231 <... futex resumed>) = 0 <0.000007>
7478  17:23:34.843246 renameat(AT_FDCWD, "//lib/libnss_hesiod.so.2", AT_FDCWD, "//lib/libnss_hesiod.so.2.ENCRT") = -1 ENOENT (No such file or directory) <0.000010>
7478  17:23:34.843265 futex(0xe1fdc238be74, FUTEX_WAIT_PRIVATE, 2, NULL <unfinished ...>
7480  17:23:34.843269 <... futex resumed>) = 0 <0.000333>
7480  17:23:34.843284 renameat(AT_FDCWD, "//lib/libnss_dns.so.2", AT_FDCWD, "//lib/libnss_dns.so.2.ENCRT") = -1 ENOENT (No such file or directory) <0.000003>
7480  17:23:34.843300 futex(0xe1fdc22f3e74, FUTEX_WAIT_PRIVATE, 2, NULL <unfinished ...>
7476  17:23:34.843308 faccessat(AT_FDCWD, "/usr/x86_64-linux-gnu/lib/libmemusage.so", F_OK) = 0 <0.000004>
7476  17:23:34.843317 newfstatat(AT_FDCWD, "/usr/x86_64-linux-gnu/lib/libmemusage.so", {st_mode=S_IFREG|0644, st_size=18712, ...}, AT_SYMLINK_NOFOLLOW) = 0 <0.000001>
7476  17:23:34.843325 futex(0xe1fdc2317e74, FUTEX_WAKE_PRIVATE, 1) = 1 <0.000002>
7479  17:23:34.843330 <... futex resumed>) = 0 <0.000232>
7479  17:23:34.843339 futex(0xe1fdc238d744, FUTEX_WAIT_PRIVATE, 2147483664, NULL <unfinished ...>
7476  17:23:34.843343 futex(0xe1fdc238d744, FUTEX_WAKE_PRIVATE, 1) = 1 <0.000001>
7479  17:23:34.843348 <... futex resumed>) = 0 <0.000007>
7479  17:23:34.843355 renameat(AT_FDCWD, "//lib/libmemusage.so", AT_FDCWD, "//lib/libmemusage.so.ENCRT") = -1 ENOENT (No such file or directory) <0.000003>
7479  17:23:34.843364 futex(0xe1fdc2317e74, FUTEX_WAIT_PRIVATE, 2, NULL <unfinished ...>
7476  17:23:34.843371 faccessat(AT_FDCWD, "/usr/x86_64-linux-gnu/lib/ld-linux-x86-64.so.2", F_OK) = 0 <0.000002>
7476  17:23:34.843378 newfstatat(AT_FDCWD, "/usr/x86_64-linux-gnu/lib/ld-linux-x86-64.so.2", {st_mode=S_IFREG|0755, st_size=253656, ...}, AT_SYMLINK_NOFOLLOW) = 0 <0.000002>
7476  17:23:34.843387 futex(0xe1fdc0d4ee74, FUTEX_WAKE_PRIVATE, 1) = 1 <0.000002>
7481  17:23:34.843392 <... futex resumed>) = 0 <0.000213>
7481  17:23:34.843401 futex(0xe1fdc238d744, FUTEX_WAIT_PRIVATE, 2147483664, NULL <unfinished ...>
7476  17:23:34.843405 futex(0xe1fdc238d744, FUTEX_WAKE_PRIVATE, 1) = 1 <0.000001>
7481  17:23:34.843410 <... futex resumed>) = 0 <0.000007>
7481  17:23:34.843416 renameat(AT_FDCWD, "//lib/ld-linux-x86-64.so.2", AT_FDCWD, "//lib/ld-linux-x86-64.so.2.ENCRT") = -1 ENOENT (No such file or directory) <0.000003>
7481  17:23:34.843425 futex(0xe1fdc0d4ee74, FUTEX_WAIT_PRIVATE, 2, NULL <unfinished ...>
7476  17:23:34.843432 faccessat(AT_FDCWD, "/usr/x86_64-linux-gnu/lib/libc_malloc_debug.so.0", F_OK) = 0 <0.000003>
7476  17:23:34.843441 newfstatat(AT_FDCWD, "/usr/x86_64-linux-gnu/lib/libc_malloc_debug.so.0", {st_mode=S_IFREG|0644, st_size=53888, ...}, AT_SYMLINK_NOFOLLOW) = 0 <0.000001>
7476  17:23:34.843449 futex(0xe1fdc238be74, FUTEX_WAKE_PRIVATE, 1) = 1 <0.000002>
7478  17:23:34.843454 <... futex resumed>) = 0 <0.000187>
7478  17:23:34.843462 futex(0xe1fdc238d744, FUTEX_WAIT_PRIVATE, 2147483664, NULL <unfinished ...>
7476  17:23:34.843466 futex(0xe1fdc238d744, FUTEX_WAKE_PRIVATE, 1) = 1 <0.000001>
7478  17:23:34.843472 <... futex resumed>) = 0 <0.000007>
7478  17:23:34.843477 renameat(AT_FDCWD, "//lib/libc_malloc_debug.so.0", AT_FDCWD, "//lib/libc_malloc_debug.so.0.ENCRT") = -1 ENOENT (No such file or directory) <0.000003>
7478  17:23:34.843486 futex(0xe1fdc238be74, FUTEX_WAIT_PRIVATE, 2, NULL <unfinished ...>
7476  17:23:34.843494 faccessat(AT_FDCWD, "/usr/x86_64-linux-gnu/lib/libnss_files.so.2", F_OK) = 0 <0.000003>
7476  17:23:34.843502 newfstatat(AT_FDCWD, "/usr/x86_64-linux-gnu/lib/libnss_files.so.2", {st_mode=S_IFREG|0644, st_size=14336, ...}, AT_SYMLINK_NOFOLLOW) = 0 <0.000002>
7476  17:23:34.843510 futex(0xe1fdc22f3e74, FUTEX_WAKE_PRIVATE, 1) = 1 <0.000001>
7480  17:23:34.843516 <... futex resumed>) = 0 <0.000213>
7480  17:23:34.843524 futex(0xe1fdc238d744, FUTEX_WAIT_PRIVATE, 2147483664, NULL <unfinished ...>
7476  17:23:34.843527 futex(0xe1fdc238d744, FUTEX_WAKE_PRIVATE, 1) = 0 <0.000001>
7476  17:23:34.843536 faccessat(AT_FDCWD, "/usr/x86_64-linux-gnu/lib/libnss_compat.so.2", F_OK <unfinished ...>
7480  17:23:34.843540 <... futex resumed>) = -1 EAGAIN (Resource temporarily unavailable) <0.000014>
7476  17:23:34.843545 <... faccessat resumed>) = 0 <0.000007>
7480  17:23:34.843551 renameat(AT_FDCWD, "//lib/libnss_files.so.2", AT_FDCWD, "//lib/libnss_files.so.2.ENCRT" <unfinished ...>
7476  17:23:34.843555 newfstatat(AT_FDCWD, "/usr/x86_64-linux-gnu/lib/libnss_compat.so.2" <unfinished ...>
7480  17:23:34.843560 <... renameat resumed>) = -1 ENOENT (No such file or directory) <0.000006>
7476  17:23:34.843563 <... newfstatat resumed>, {st_mode=S_IFREG|0644, st_size=43736, ...}, AT_SYMLINK_NOFOLLOW) = 0 <0.000006>
7476  17:23:34.843568 futex(0xe1fdc2317e74, FUTEX_WAKE_PRIVATE, 1 <unfinished ...>
7480  17:23:34.843578 futex(0xe1fdc238d744, FUTEX_WAIT_PRIVATE, 2147483664, NULL <unfinished ...>
7476  17:23:34.843582 <... futex resumed>) = 1 <0.000011>
7479  17:23:34.843583 <... futex resumed>) = 0 <0.000218>
7479  17:23:34.843587 futex(0xe1fdc238d744, FUTEX_WAIT_PRIVATE, 2147483664, NULL <unfinished ...>
7476  17:23:34.843591 futex(0xe1fdc238d744, FUTEX_WAKE_PRIVATE, 1) = 1 <0.000002>
7479  17:23:34.843595 <... futex resumed>) = 0 <0.000007>
7479  17:23:34.843599 futex(0xe1fdc238d744, FUTEX_WAKE_PRIVATE, 1) = 1 <0.000001>
7479  17:23:34.843609 renameat(AT_FDCWD, "//lib/libnss_compat.so.2", AT_FDCWD, "//lib/libnss_compat.so.2.ENCRT") = -1 ENOENT (No such file or directory) <0.000003>
7480  17:23:34.843617 <... futex resumed>) = 0 <0.000038>
7480  17:23:34.843621 futex(0xe1fdc22f3e74, FUTEX_WAIT_PRIVATE, 2, NULL <unfinished ...>
7479  17:23:34.843625 futex(0xe1fdc2317e74, FUTEX_WAIT_PRIVATE, 2, NULL <unfinished ...>
7476  17:23:34.843633 faccessat(AT_FDCWD, "/usr/x86_64-linux-gnu/lib/libanl.so.1", F_OK) = 0 <0.000004>
7476  17:23:34.843642 newfstatat(AT_FDCWD, "/usr/x86_64-linux-gnu/lib/libanl.so.1", {st_mode=S_IFREG|0644, st_size=14408, ...}, AT_SYMLINK_NOFOLLOW) = 0 <0.000001>
7476  17:23:34.843650 futex(0xe1fdc0d4ee74, FUTEX_WAKE_PRIVATE, 1) = 1 <0.000002>
7481  17:23:34.843655 <... futex resumed>) = 0 <0.000228>
7481  17:23:34.843664 futex(0xe1fdc238d744, FUTEX_WAIT_PRIVATE, 2147483664, NULL <unfinished ...>
7476  17:23:34.843667 futex(0xe1fdc238d744, FUTEX_WAKE_PRIVATE, 1) = 1 <0.000001>
7481  17:23:34.843673 <... futex resumed>) = 0 <0.000007>
7481  17:23:34.843679 renameat(AT_FDCWD, "//lib/libanl.so.1", AT_FDCWD, "//lib/libanl.so.1.ENCRT") = -1 ENOENT (No such file or directory) <0.000003>
7481  17:23:34.843687 futex(0xe1fdc0d4ee74, FUTEX_WAIT_PRIVATE, 2, NULL <unfinished ...>
7476  17:23:34.843695 faccessat(AT_FDCWD, "/usr/x86_64-linux-gnu/lib/libpcprofile.so", F_OK) = 0 <0.000003>
7476  17:23:34.843703 newfstatat(AT_FDCWD, "/usr/x86_64-linux-gnu/lib/libpcprofile.so", {st_mode=S_IFREG|0644, st_size=14544, ...}, AT_SYMLINK_NOFOLLOW) = 0 <0.000001>
7476  17:23:34.843711 futex(0xe1fdc238be74, FUTEX_WAKE_PRIVATE, 1) = 1 <0.000001>
7478  17:23:34.843717 <... futex resumed>) = 0 <0.000228>
7478  17:23:34.843725 futex(0xe1fdc238d744, FUTEX_WAIT_PRIVATE, 2147483664, NULL <unfinished ...>
7476  17:23:34.843729 futex(0xe1fdc238d744, FUTEX_WAKE_PRIVATE, 1) = 1 <0.000001>
7478  17:23:34.843734 <... futex resumed>) = 0 <0.000007>
7478  17:23:34.843741 renameat(AT_FDCWD, "//lib/libpcprofile.so", AT_FDCWD, "//lib/libpcprofile.so.ENCRT") = -1 ENOENT (No such file or directory) <0.000003>
7478  17:23:34.843749 futex(0xe1fdc238be74, FUTEX_WAIT_PRIVATE, 2, NULL <unfinished ...>
7476  17:23:34.843756 faccessat(AT_FDCWD, "/usr/x86_64-linux-gnu/lib/libstdc++.so.6.0.35", F_OK) = 0 <0.000006>
7476  17:23:34.843767 newfstatat(AT_FDCWD, "/usr/x86_64-linux-gnu/lib/libstdc++.so.6.0.35", {st_mode=S_IFREG|0644, st_size=3228712, ...}, AT_SYMLINK_NOFOLLOW) = 0 <0.000002>
7476  17:23:34.843775 futex(0xe1fdc22f3e74, FUTEX_WAKE_PRIVATE, 1) = 1 <0.000001>
7480  17:23:34.843780 <... futex resumed>) = 0 <0.000158>
7480  17:23:34.843789 futex(0xe1fdc238d744, FUTEX_WAIT_PRIVATE, 2147483664, NULL <unfinished ...>
7476  17:23:34.843793 futex(0xe1fdc238d744, FUTEX_WAKE_PRIVATE, 1) = 1 <0.000001>
7480  17:23:34.843798 <... futex resumed>) = 0 <0.000007>
7480  17:23:34.843804 renameat(AT_FDCWD, "//lib/libstdc++.so.6.0.35", AT_FDCWD, "//lib/libstdc++.so.6.0.35.ENCRT") = -1 ENOENT (No such file or directory) <0.000003>
7476  17:23:34.843815 faccessat(AT_FDCWD, "/usr/x86_64-linux-gnu/lib/librt.so.1", F_OK <unfinished ...>
7480  17:23:34.843819 futex(0xe1fdc22f3e74, FUTEX_WAIT_PRIVATE, 2, NULL <unfinished ...>
7476  17:23:34.843825 <... faccessat resumed>) = 0 <0.000008>
7476  17:23:34.843828 newfstatat(AT_FDCWD, "/usr/x86_64-linux-gnu/lib/librt.so.1", {st_mode=S_IFREG|0644, st_size=14624, ...}, AT_SYMLINK_NOFOLLOW) = 0 <0.000001>
7476  17:23:34.843836 futex(0xe1fdc2317e74, FUTEX_WAKE_PRIVATE, 1) = 1 <0.000001>
7479  17:23:34.843842 <... futex resumed>) = 0 <0.000215>
7479  17:23:34.843850 futex(0xe1fdc238d744, FUTEX_WAIT_PRIVATE, 2147483664, NULL <unfinished ...>
7476  17:23:34.843854 futex(0xe1fdc238d744, FUTEX_WAKE_PRIVATE, 1) = 1 <0.000001>
7479  17:23:34.843859 <... futex resumed>) = 0 <0.000007>
7479  17:23:34.843865 renameat(AT_FDCWD, "//lib/librt.so.1", AT_FDCWD, "//lib/librt.so.1.ENCRT") = -1 ENOENT (No such file or directory) <0.000003>
7476  17:23:34.843878 faccessat(AT_FDCWD, "/usr/x86_64-linux-gnu/lib/libc.so.6", F_OK <unfinished ...>
7479  17:23:34.843880 futex(0xe1fdc2317e74, FUTEX_WAIT_PRIVATE, 2, NULL <unfinished ...>
7476  17:23:34.843885 <... faccessat resumed>) = 0 <0.000005>
7476  17:23:34.843889 newfstatat(AT_FDCWD, "/usr/x86_64-linux-gnu/lib/libc.so.6", {st_mode=S_IFREG|0755, st_size=2179544, ...}, AT_SYMLINK_NOFOLLOW) = 0 <0.000002>
7476  17:23:34.843897 futex(0xe1fdc0d4ee74, FUTEX_WAKE_PRIVATE, 1) = 1 <0.000002>
7481  17:23:34.843902 <... futex resumed>) = 0 <0.000213>
7481  17:23:34.843910 futex(0xe1fdc238d744, FUTEX_WAIT_PRIVATE, 2147483664, NULL <unfinished ...>
7476  17:23:34.843915 futex(0xe1fdc238d744, FUTEX_WAKE_PRIVATE, 1) = 1 <0.000002>
7481  17:23:34.843921 <... futex resumed>) = 0 <0.000008>
7481  17:23:34.843927 renameat(AT_FDCWD, "//lib/libc.so.6", AT_FDCWD, "//lib/libc.so.6.ENCRT") = -1 ENOENT (No such file or directory) <0.000003>
7481  17:23:34.843936 futex(0xe1fdc0d4ee74, FUTEX_WAIT_PRIVATE, 2, NULL <unfinished ...>
7476  17:23:34.843944 faccessat(AT_FDCWD, "/usr/x86_64-linux-gnu/lib/libthread_db.so.1", F_OK) = 0 <0.000004>
7476  17:23:34.843953 newfstatat(AT_FDCWD, "/usr/x86_64-linux-gnu/lib/libthread_db.so.1", {st_mode=S_IFREG|0644, st_size=52008, ...}, AT_SYMLINK_NOFOLLOW) = 0 <0.000002>
7476  17:23:34.843962 futex(0xe1fdc238be74, FUTEX_WAKE_PRIVATE, 1) = 1 <0.000003>
7478  17:23:34.843968 <... futex resumed>) = 0 <0.000217>
7478  17:23:34.843977 futex(0xe1fdc238d744, FUTEX_WAIT_PRIVATE, 2147483664, NULL <unfinished ...>
7476  17:23:34.843981 futex(0xe1fdc238d744, FUTEX_WAKE_PRIVATE, 1) = 0 <0.000001>
7476  17:23:34.843991 faccessat(AT_FDCWD, "/usr/x86_64-linux-gnu/lib/libstdc++.so.6", F_OK <unfinished ...>
7478  17:23:34.843993 <... futex resumed>) = -1 EAGAIN (Resource temporarily unavailable) <0.000014>
7476  17:23:34.844015 <... faccessat resumed>) = 0 <0.000021>
7478  17:23:34.844017 renameat(AT_FDCWD, "//lib/libthread_db.so.1", AT_FDCWD, "//lib/libthread_db.so.1.ENCRT") = -1 ENOENT (No such file or directory) <0.000003>
7478  17:23:34.844027 futex(0xe1fdc238be74, FUTEX_WAIT_PRIVATE, 2, NULL <unfinished ...>
7476  17:23:34.844031 newfstatat(AT_FDCWD, "/usr/x86_64-linux-gnu/lib/libstdc++.so.6", {st_mode=S_IFLNK|0777, st_size=19, ...}, AT_SYMLINK_NOFOLLOW) = 0 <0.000002>
7476  17:23:34.844044 faccessat(AT_FDCWD, "/usr/x86_64-linux-gnu/lib/libm.so.6", F_OK) = 0 <0.000003>
7476  17:23:34.844051 newfstatat(AT_FDCWD, "/usr/x86_64-linux-gnu/lib/libm.so.6", {st_mode=S_IFREG|0644, st_size=1198376, ...}, AT_SYMLINK_NOFOLLOW) = 0 <0.000001>
7476  17:23:34.844059 futex(0xe1fdc22f3e74, FUTEX_WAKE_PRIVATE, 1) = 1 <0.000001>
7480  17:23:34.844065 <... futex resumed>) = 0 <0.000244>
7476  17:23:34.844071 faccessat(AT_FDCWD, "/usr/x86_64-linux-gnu/lib/libpthread.so.0", F_OK <unfinished ...>
7480  17:23:34.844078 renameat(AT_FDCWD, "//lib/libm.so.6", AT_FDCWD, "//lib/libm.so.6.ENCRT" <unfinished ...>
7476  17:23:34.844085 <... faccessat resumed>) = 0 <0.000011>
7480  17:23:34.844087 <... renameat resumed>) = -1 ENOENT (No such file or directory) <0.000007>
7476  17:23:34.844091 newfstatat(AT_FDCWD, "/usr/x86_64-linux-gnu/lib/libpthread.so.0" <unfinished ...>
7480  17:23:34.844095 futex(0xe1fdc22f3e74, FUTEX_WAIT_PRIVATE, 2, NULL <unfinished ...>
7476  17:23:34.844097 <... newfstatat resumed>, {st_mode=S_IFREG|0644, st_size=14408, ...}, AT_SYMLINK_NOFOLLOW) = 0 <0.000003>
7476  17:23:34.844103 futex(0xe1fdc2317e74, FUTEX_WAKE_PRIVATE, 1) = 1 <0.000002>
7476  17:23:34.844113 faccessat(AT_FDCWD, "/usr/x86_64-linux-gnu/lib/libresolv.so.2", F_OK <unfinished ...>
7479  17:23:34.844116 <... futex resumed>) = 0 <0.000234>
7476  17:23:34.844125 <... faccessat resumed>) = 0 <0.000009>
7479  17:23:34.844127 renameat(AT_FDCWD, "//lib/libpthread.so.0", AT_FDCWD, "//lib/libpthread.so.0.ENCRT" <unfinished ...>
7476  17:23:34.844131 newfstatat(AT_FDCWD, "/usr/x86_64-linux-gnu/lib/libresolv.so.2", {st_mode=S_IFREG|0644, st_size=68104, ...}, AT_SYMLINK_NOFOLLOW) = 0 <0.000004>
7479  17:23:34.844141 <... renameat resumed>) = -1 ENOENT (No such file or directory) <0.000012>
7476  17:23:34.844144 futex(0xe1fdc0d4ee74, FUTEX_WAKE_PRIVATE, 1) = 1 <0.000016>
7481  17:23:34.844163 <... futex resumed>) = 0 <0.000224>
7479  17:23:34.844166 futex(0xe1fdc238d744, FUTEX_WAIT_PRIVATE, 2147483664, NULL <unfinished ...>
7481  17:23:34.844169 futex(0xe1fdc238d744, FUTEX_WAIT_PRIVATE, 2147483664, NULL <unfinished ...>
7476  17:23:34.844174 futex(0xe1fdc238d744, FUTEX_WAKE_PRIVATE, 1 <unfinished ...>
7481  17:23:34.844178 <... futex resumed>) = -1 EAGAIN (Resource temporarily unavailable) <0.000007>
7476  17:23:34.844183 <... futex resumed>) = 0 <0.000007>
7481  17:23:34.844194 futex(0xe1fdc238d744, FUTEX_WAKE_PRIVATE, 1 <unfinished ...>
7479  17:23:34.844197 <... futex resumed>) = -1 EAGAIN (Resource temporarily unavailable) <0.000028>
7476  17:23:34.844201 faccessat(AT_FDCWD, "/usr/x86_64-linux-gnu/lib/libgcc_s.so.1", F_OK <unfinished ...>
7481  17:23:34.844204 <... futex resumed>) = 0 <0.000009>
7479  17:23:34.844227 futex(0xe1fdc2317e74, FUTEX_WAIT_PRIVATE, 2, NULL <unfinished ...>
7476  17:23:34.844233 <... faccessat resumed>) = 0 <0.000029>
7481  17:23:34.844235 mmap(0xe1fda8000000, 67108864, PROT_NONE, MAP_PRIVATE|MAP_ANONYMOUS, -1, 0 <unfinished ...>
7476  17:23:34.844245 newfstatat(AT_FDCWD, "/usr/x86_64-linux-gnu/lib/libgcc_s.so.1", {st_mode=S_IFREG|0644, st_size=186984, ...}, AT_SYMLINK_NOFOLLOW) = 0 <0.000004>
7481  17:23:34.844258 <... mmap resumed>) = 0xe1fda8000000 <0.000021>
7476  17:23:34.844262 futex(0xe1fdc22a6f40, FUTEX_WAIT_PRIVATE, 2, NULL <unfinished ...>
7481  17:23:34.844264 mprotect(0xe1fda8000000, 2097152, PROT_READ|PROT_WRITE) = 0 <0.000003>
7481  17:23:34.844272 madvise(0xe1fda8000000, 2097152, MADV_HUGEPAGE) = 0 <0.000002>
7481  17:23:34.844503 futex(0xe1fdc22a6f40, FUTEX_WAKE_PRIVATE, 1 <unfinished ...>
7476  17:23:34.844508 <... futex resumed>) = 0 <0.000244>
7481  17:23:34.844510 <... futex resumed>) = 1 <0.000004>
7476  17:23:34.844535 futex(0xe1fdc22a6f40, FUTEX_WAKE_PRIVATE, 1 <unfinished ...>
7481  17:23:34.844537 renameat(AT_FDCWD, "//lib/libresolv.so.2", AT_FDCWD, "//lib/libresolv.so.2.ENCRT" <unfinished ...>
7476  17:23:34.844541 <... futex resumed>) = 0 <0.000004>
7476  17:23:34.844553 futex(0xe1fdc238be74, FUTEX_WAKE_PRIVATE, 1 <unfinished ...>
7481  17:23:34.844558 <... renameat resumed>) = -1 ENOENT (No such file or directory) <0.000018>
7476  17:23:34.844561 <... futex resumed>) = 1 <0.000007>
7476  17:23:34.844572 faccessat(AT_FDCWD, "/usr/x86_64-linux-gnu/lib/libutil.so.1", F_OK <unfinished ...>
7481  17:23:34.844575 renameat(AT_FDCWD, "//lib/libgcc_s.so.1", AT_FDCWD, "//lib/libgcc_s.so.1.ENCRT" <unfinished ...>
7478  17:23:34.844577 <... futex resumed>) = 0 <0.000548>
7478  17:23:34.844581 futex(0xe1fdc238be74, FUTEX_WAIT_PRIVATE, 2, NULL <unfinished ...>
7476  17:23:34.844598 <... faccessat resumed>) = 0 <0.000023>
7481  17:23:34.844601 <... renameat resumed>) = -1 ENOENT (No such file or directory) <0.000024>
7481  17:23:34.844606 futex(0xe1fdc0d4ee74, FUTEX_WAIT_PRIVATE, 2, NULL <unfinished ...>
7476  17:23:34.844610 newfstatat(AT_FDCWD, "/usr/x86_64-linux-gnu/lib/libutil.so.1", {st_mode=S_IFREG|0644, st_size=14408, ...}, AT_SYMLINK_NOFOLLOW) = 0 <0.000002>
7476  17:23:34.844619 futex(0xe1fdc22f3e74, FUTEX_WAKE_PRIVATE, 1) = 1 <0.000002>
7480  17:23:34.844625 <... futex resumed>) = 0 <0.000528>
7480  17:23:34.844633 futex(0xe1fdc238d744, FUTEX_WAIT_PRIVATE, 2147483664, NULL <unfinished ...>
7476  17:23:34.844637 futex(0xe1fdc238d744, FUTEX_WAKE_PRIVATE, 1) = 0 <0.000001>
7476  17:23:34.844643 getdents64(4, 0xaaaad9816f20 /* 0 entries */, 2048) = 0 <0.000002>
7480  17:23:34.844649 <... futex resumed>) = -1 EAGAIN (Resource temporarily unavailable) <0.000014>
7476  17:23:34.844655 close(4 <unfinished ...>
7480  17:23:34.844659 renameat(AT_FDCWD, "//lib/libutil.so.1", AT_FDCWD, "//lib/libutil.so.1.ENCRT" <unfinished ...>
7476  17:23:34.844662 <... close resumed>) = 0 <0.000005>
7480  17:23:34.844667 <... renameat resumed>) = -1 ENOENT (No such file or directory) <0.000005>
7476  17:23:34.844674 getdents64(3 <unfinished ...>
7480  17:23:34.844677 futex(0xe1fdc22f3e74, FUTEX_WAIT_PRIVATE, 2, NULL <unfinished ...>
7476  17:23:34.844679 <... getdents64 resumed>, 0xaaaad9816f20 /* 0 entries */, 2048) = 0 <0.000003>
7476  17:23:34.844684 close(3)          = 0 <0.000002>
7476  17:23:34.844742 munmap(0xe1fdc22cd000, 8192) = 0 <0.000010>
7476  17:23:34.844801 futex(0xe1fdc2317e74, FUTEX_WAKE_PRIVATE, 1) = 1 <0.000003>
7479  17:23:34.844807 <... futex resumed>) = 0 <0.000576>
7476  17:23:34.844872 futex(0xe1fdc238bf70, FUTEX_WAIT_PRIVATE, 2, NULL <unfinished ...>
7479  17:23:34.844875 futex(0xe1fdc238be74, FUTEX_REQUEUE_PRIVATE, 0, 1, 0xe1fdc238d744) = 1 <0.000002>
7479  17:23:34.844890 futex(0xe1fdc238d744, FUTEX_WAKE_PRIVATE, 1) = 1 <0.000002>
7478  17:23:34.844897 <... futex resumed>) = 0 <0.000314>
7478  17:23:34.844905 futex(0xe1fdc0d4ee74, FUTEX_REQUEUE_PRIVATE, 0, 1, 0xe1fdc238d744 <unfinished ...>
7479  17:23:34.844930 rt_sigprocmask(SIG_SETMASK, ~[RTMIN RT_1] <unfinished ...>
7478  17:23:34.844936 <... futex resumed>) = 1 <0.000029>
7478  17:23:34.844940 futex(0xe1fdc238d744, FUTEX_WAKE_PRIVATE, 1) = 1 <0.000002>
7478  17:23:34.844948 rt_sigprocmask(SIG_SETMASK, ~[RTMIN RT_1], NULL, 8) = 0 <0.000002>
7478  17:23:34.844956 rt_sigprocmask(SIG_SETMASK, ~[RTMIN RT_1] <unfinished ...>
7481  17:23:34.844960 <... futex resumed>) = 0 <0.000352>
7481  17:23:34.844964 futex(0xe1fdc22f3e74, FUTEX_REQUEUE_PRIVATE, 0, 1, 0xe1fdc238d744 <unfinished ...>
7478  17:23:34.844967 <... rt_sigprocmask resumed>, NULL, 8) = 0 <0.000009>
7478  17:23:34.844971 rt_sigprocmask(SIG_SETMASK, ~[ABRT BUS KILL SEGV STOP RTMIN RT_1 RT_2 RT_4 RT_5 RT_6] <unfinished ...>
7481  17:23:34.844976 <... futex resumed>) = 1 <0.000010>
7481  17:23:34.844979 futex(0xe1fdc238d744, FUTEX_WAKE_PRIVATE, 1 <unfinished ...>
7478  17:23:34.844983 <... rt_sigprocmask resumed>, NULL, 8) = 0 <0.000009>
7481  17:23:34.845046 <... futex resumed>) = 1 <0.000064>
7480  17:23:34.845048 <... futex resumed>) = 0 <0.000369>
7479  17:23:34.845049 <... rt_sigprocmask resumed>, NULL, 8) = 0 <0.000115>
7478  17:23:34.845051 futex(0xe1fdc238bf70, FUTEX_WAKE_PRIVATE, 1 <unfinished ...>
7481  17:23:34.845057 rt_sigprocmask(SIG_SETMASK, ~[RTMIN RT_1] <unfinished ...>
7480  17:23:34.845060 rt_sigprocmask(SIG_SETMASK, ~[RTMIN RT_1] <unfinished ...>
7479  17:23:34.845062 rt_sigprocmask(SIG_SETMASK, ~[RTMIN RT_1] <unfinished ...>
7480  17:23:34.845066 <... rt_sigprocmask resumed>, NULL, 8) = 0 <0.000004>
7479  17:23:34.845068 <... rt_sigprocmask resumed>, NULL, 8) = 0 <0.000004>
7481  17:23:34.845073 <... rt_sigprocmask resumed>, NULL, 8) = 0 <0.000013>
7480  17:23:34.845075 rt_sigprocmask(SIG_SETMASK, ~[RTMIN RT_1] <unfinished ...>
7479  17:23:34.845077 rt_sigprocmask(SIG_SETMASK, ~[ABRT BUS KILL SEGV STOP RTMIN RT_1 RT_2 RT_4 RT_5 RT_6] <unfinished ...>
7481  17:23:34.845082 rt_sigprocmask(SIG_SETMASK, ~[RTMIN RT_1] <unfinished ...>
7480  17:23:34.845084 <... rt_sigprocmask resumed>, NULL, 8) = 0 <0.000007>
7479  17:23:34.845085 <... rt_sigprocmask resumed>, NULL, 8) = 0 <0.000006>
7480  17:23:34.845127 rt_sigprocmask(SIG_SETMASK, ~[ABRT BUS KILL SEGV STOP RTMIN RT_1 RT_2 RT_4 RT_5 RT_6] <unfinished ...>
7479  17:23:34.845131 futex(0x555555614dd0, FUTEX_WAIT, 7478, NULL <unfinished ...>
7480  17:23:34.845133 <... rt_sigprocmask resumed>, NULL, 8) = 0 <0.000003>
7481  17:23:34.845136 <... rt_sigprocmask resumed>, NULL, 8) = 0 <0.000053>
7481  17:23:34.845140 rt_sigprocmask(SIG_SETMASK, ~[ABRT BUS KILL SEGV STOP RTMIN RT_1 RT_2 RT_4 RT_5 RT_6], NULL, 8) = 0 <0.000005>
7480  17:23:34.845150 futex(0x555555614dd0, FUTEX_WAIT, 7478, NULL <unfinished ...>
7481  17:23:34.845153 futex(0x555555614dd0, FUTEX_WAIT, 7478, NULL <unfinished ...>
7478  17:23:34.845158 <... futex resumed>) = 1 <0.000106>
7476  17:23:34.845162 <... futex resumed>) = 0 <0.000287>
7476  17:23:34.845196 futex(0x555555614dd0, FUTEX_WAIT, 7478, NULL <unfinished ...>
7478  17:23:34.845198 rt_sigprocmask(SIG_SETMASK, ~[RTMIN RT_1], NULL, 8) = 0 <0.000002>
7478  17:23:34.845205 futex(0x555555614dd0, FUTEX_WAKE, 2147483647 <unfinished ...>
7481  17:23:34.845211 <... futex resumed>) = 0 <0.000056>
7478  17:23:34.845213 <... futex resumed>) = 3 <0.000005>
7481  17:23:34.845231 futex(0xe1fdc0d4ef70, FUTEX_WAKE_PRIVATE, 1 <unfinished ...>
7480  17:23:34.845234 <... futex resumed>) = 0 <0.000082>
7480  17:23:34.845249 futex(0x555555614dd0, FUTEX_WAIT, 7481, NULL <unfinished ...>
7479  17:23:34.845252 <... futex resumed>) = 0 <0.000119>
7481  17:23:34.845258 <... futex resumed>) = 0 <0.000024>
7479  17:23:34.845259 futex(0x555555614dd0, FUTEX_WAIT, 7481, NULL <unfinished ...>
7481  17:23:34.845263 rt_sigprocmask(SIG_SETMASK, ~[RTMIN RT_1] <unfinished ...>
7476  17:23:34.845274 <... futex resumed>) = -1 EAGAIN (Resource temporarily unavailable) <0.000075>
7481  17:23:34.845277 <... rt_sigprocmask resumed>, NULL, 8) = 0 <0.000011>
7478  17:23:34.845288 futex(0xe1fdc22a80a0, FUTEX_WAKE, 2147483647 <unfinished ...>
7476  17:23:34.845291 futex(0x555555614dd0, FUTEX_WAKE, 1 <unfinished ...>
7481  17:23:34.845292 futex(0xe1fdc22a7808, FUTEX_WAIT_PRIVATE, 2, NULL <unfinished ...>
7478  17:23:34.845297 <... futex resumed>) = 1 <0.000007>
7476  17:23:34.845347 <... futex resumed>) = 1 <0.000055>
7480  17:23:34.845349 <... futex resumed>) = 0 <0.000098>
7478  17:23:34.845352 munmap(0xe1fdc2368000, 4096 <unfinished ...>
7477  17:23:34.845354 <... futex resumed>) = 0 <0.018707>
7480  17:23:34.845356 futex(0x555555614dd0, FUTEX_WAIT, 7481, NULL <unfinished ...>
7476  17:23:34.845360 futex(0xe1fdc22a6f40, FUTEX_WAIT_PRIVATE, 2, NULL <unfinished ...>
7477  17:23:34.845367 clock_nanosleep(CLOCK_REALTIME, 0, {tv_sec=0, tv_nsec=10000000} <unfinished ...>
7478  17:23:34.845376 <... munmap resumed>) = 0 <0.000022>
7478  17:23:34.845380 futex(0xe1fdc22a6f40, FUTEX_WAKE_PRIVATE, 1 <unfinished ...>
7476  17:23:34.845384 <... futex resumed>) = 0 <0.000022>
7478  17:23:34.845390 <... futex resumed>) = 1 <0.000008>
7476  17:23:34.845392 futex(0xe1fdc22a6f40, FUTEX_WAKE_PRIVATE, 1) = 0 <0.000001>
7476  17:23:34.845409 munmap(0xe1fdc2369000, 143360) = 0 <0.000005>
7478  17:23:34.845419 futex(0xe1fdc22a7808, FUTEX_WAKE_PRIVATE, 1) = 1 <0.000002>
7481  17:23:34.845425 <... futex resumed>) = 0 <0.000131>
7481  17:23:34.845429 futex(0x555555614dd0, FUTEX_WAKE, 2147483647) = 2 <0.000004>
7480  17:23:34.845435 <... futex resumed>) = 0 <0.000077>
7479  17:23:34.845437 <... futex resumed>) = 0 <0.000176>
7480  17:23:34.845448 futex(0xe1fdc22f3f70, FUTEX_WAKE_PRIVATE, 1 <unfinished ...>
7479  17:23:34.845483 futex(0x555555614dd0, FUTEX_WAIT, 7480, NULL <unfinished ...>
7480  17:23:34.845486 <... futex resumed>) = 0 <0.000036>
7476  17:23:34.845499 futex(0xe1fdc2317f70, FUTEX_WAIT_PRIVATE, 1, NULL <unfinished ...>
7481  17:23:34.845546 munmap(0xe1fdc22cf000, 4096 <unfinished ...>
7480  17:23:34.845548 rt_sigprocmask(SIG_SETMASK, ~[RTMIN RT_1], NULL, 8) = 0 <0.000003>
7480  17:23:34.845556 futex(0xe1fdc22a7808, FUTEX_WAIT_PRIVATE, 2, NULL <unfinished ...>
7481  17:23:34.845562 <... munmap resumed>) = 0 <0.000015>
7481  17:23:34.845566 futex(0xe1fdc22a7808, FUTEX_WAKE_PRIVATE, 1) = 1 <0.000002>
7480  17:23:34.845572 <... futex resumed>) = 0 <0.000013>
7480  17:23:34.845575 futex(0x555555614dd0, FUTEX_WAKE, 2147483647) = 1 <0.000002>
7479  17:23:34.845581 <... futex resumed>) = 0 <0.000096>
7479  17:23:34.845593 futex(0xe1fdc2317f70, FUTEX_WAKE_PRIVATE, 1 <unfinished ...>
7476  17:23:34.845637 <... futex resumed>) = 0 <0.000135>
7480  17:23:34.845646 munmap(0xe1fdc22d0000, 4096 <unfinished ...>
7479  17:23:34.845648 <... futex resumed>) = 1 <0.000053>
7476  17:23:34.845650 futex(0x555555614dd0, FUTEX_WAIT, 7479, NULL <unfinished ...>
7479  17:23:34.845657 rt_sigprocmask(SIG_SETMASK, ~[RTMIN RT_1], NULL, 8) = 0 <0.000002>
7479  17:23:34.845664 futex(0xe1fdc22a7808, FUTEX_WAIT_PRIVATE, 2, NULL <unfinished ...>
7480  17:23:34.845673 <... munmap resumed>) = 0 <0.000025>
7480  17:23:34.845677 futex(0xe1fdc22a7808, FUTEX_WAKE_PRIVATE, 1) = 1 <0.000002>
7479  17:23:34.845682 <... futex resumed>) = 0 <0.000016>
7479  17:23:34.845685 futex(0x555555614dd0, FUTEX_WAKE, 2147483647 <unfinished ...>
7476  17:23:34.845690 <... futex resumed>) = 0 <0.000038>
7479  17:23:34.845692 <... futex resumed>) = 1 <0.000004>
7476  17:23:34.845696 munmap(0xe1fdc22f5000, 143360) = 0 <0.000004>
7476  17:23:34.845760 munmap(0xe1fdc22d1000, 143360 <unfinished ...>
7479  17:23:34.845762 futex(0xe1fdc22a6f40, FUTEX_WAIT_PRIVATE, 2, NULL <unfinished ...>
7476  17:23:34.845800 <... munmap resumed>) = 0 <0.000038>
7476  17:23:34.845806 futex(0xe1fdc22a6f40, FUTEX_WAKE_PRIVATE, 1) = 0 <0.000002>
7476  17:23:34.845813 munmap(0xe1fdc0d2c000, 143360) = 0 <0.000003>
7476  17:23:34.845857 munmap(0xe1fdc238e000, 4096 <unfinished ...>
7479  17:23:34.845859 <... futex resumed>) = -1 EAGAIN (Resource temporarily unavailable) <0.000095>
7479  17:23:34.845864 futex(0xe1fdc22a6f40, FUTEX_WAIT_PRIVATE, 2, NULL <unfinished ...>
7476  17:23:34.845870 <... munmap resumed>) = 0 <0.000011>
7476  17:23:34.845873 futex(0xe1fdc22a6f40, FUTEX_WAKE_PRIVATE, 1) = 1 <0.000002>
7479  17:23:34.845880 <... futex resumed>) = 0 <0.000014>
7479  17:23:34.845883 munmap(0xe1fdc22f4000, 4096) = 0 <0.000003>
7479  17:23:34.845891 futex(0xe1fdc22a6f40, FUTEX_WAKE_PRIVATE, 1 <unfinished ...>
7476  17:23:34.846015 exit_group(0 <unfinished ...>
7479  17:23:34.846018 <... futex resumed>) = 0 <0.000125>
7478  17:23:34.846019 futex(0xe1fdc22aee74, FUTEX_WAKE_PRIVATE, 2147483647 <unfinished ...>
7479  17:23:34.846023 futex(0xe1fdc22a7808, FUTEX_WAKE_PRIVATE, 1) = 0 <0.000001>
7478  17:23:34.846031 <... futex resumed>) = 0 <0.000010>
7476  17:23:34.846038 <... exit_group resumed>) = ?
7479  17:23:34.846062 +++ exited with 0 +++
7478  17:23:34.846069 +++ exited with 0 +++
7481  17:23:34.846077 +++ exited with 0 +++
7480  17:23:34.846085 +++ exited with 0 +++
7477  17:23:34.846089 <... clock_nanosleep resumed> <unfinished ...>) = ?
7477  17:23:34.846095 +++ exited with 0 +++
7476  17:23:34.846211 +++ exited with 0 +++
